Mon Sep 14 14:57:54 UTC 2026
Passing a tuple of `past_key_values` is deprecated and will be removed in Transformers v4.48.0. You should pass an instance of `EncoderDecoderCache` instead, e.g. `past_key_values=EncoderDecoderCache.from_legacy_cache(past_key_values)`.
Chronos forecasts 128/3942
Chronos forecasts 256/3942
Chronos forecasts 384/3942
Chronos forecasts 512/3942
Chronos forecasts 640/3942
Chronos forecasts 768/3942
Chronos forecasts 896/3942
Chronos forecasts 1024/3942
Chronos forecasts 1152/3942
Chronos forecasts 1280/3942
Chronos forecasts 1408/3942
Chronos forecasts 1536/3942
Chronos forecasts 1664/3942
Chronos forecasts 1792/3942
Chronos forecasts 1920/3942
Chronos forecasts 2048/3942
Chronos forecasts 2176/3942
Chronos forecasts 2304/3942
Chronos forecasts 2432/3942
Chronos forecasts 2560/3942
Chronos forecasts 2688/3942
Chronos forecasts 2816/3942
Chronos forecasts 2944/3942
Chronos forecasts 3072/3942
Chronos forecasts 3200/3942
Chronos forecasts 3328/3942
Chronos forecasts 3456/3942
Chronos forecasts 3584/3942
Chronos forecasts 3712/3942
Chronos forecasts 3840/3942
Chronos forecasts 3942/3942
#Optimization parameters :: 
{'n_batch_update': 10, 'false_alarm': 0.01, 'lr': 0.001, 'n_epochs': 1, 'stride': 1, 'window_size': 3941, 'prior_past_weights_value': 'proximity'}
{"implementation_complete": true, "implementation_gate_pass": true, "model_initialization_seconds": 0.2533450579999226, "forecast_and_bookkeeping_seconds": 1.483020871000008, "calibration_and_scoring_seconds": 231.61363824199998, "requested_n_epochs": 1, "effective_epochs": 2, "upstream_epoch_parameter_mismatch_preserved": true, "dataset_rows": 4031, "context_rows": 90, "original_train_boundary": 1007, "scored_positions": 3024, "assigned_forecast_origins": 3942, "all_future_missing_origin_excluded": 1, "forecast_boundary_missing_targets": 105, "forecast_values_finite": true, "scored_pvalues_finite": true, "max_repeat_abs_difference": 0.0, "true_positive_points": 21, "false_positive_points": 39, "anomaly_points": 343, "normal_points": 2681, "aggregate_paper_replication_claimed": false, "dataset_all_development": true, "qualification_gate": "PASS", "mode": "calibration", "protocol_freeze": {"frozen_utc": "2026-09-14T14:02:44.155776+00:00", "phase": "Q1 precompute", "no_experiments_executed_before_freeze": true, "files": {"QUALIFICATION_PROTOCOL.md": "9e7261151100a93bed67ac5009322fa72d232fe786b05153de8a97c0c04e1406", "SOURCE_MANIFEST.json": "94448c0a76334191ac1599024d3ef09eb7a9c3a984df1172b528de39965f95a1"}, "editorial_correction": "Author list checked against arXiv primary record before all computation; no protocol/threshold change."}, "completed_utc": "2026-09-14T15:01:52.857571+00:00", "runtime_seconds": 235.82222700119019, "python": "3.10.12", "torch": "2.6.0+cu124", "numpy": "2.2.6", "device": "NVIDIA A10G", "peak_allocated_gib": 0.38729190826416016, "runner_sha256": "efe42db66be79a0267c78a8d3e790e66ec3ddcadc9a61f2f7407b9992bff9bc2", "heldout_hai_scored": false, "artifacts": {"pointwise.jsonl": "ff33a2999b81987b5a29c63c831c62fca90c43569cc735a2f37a4e0acffce914", "forecasts.npz": "716e5668afd6451b879da1fa5d48b308e4bf731162d1a2be70f8bc3af75c9e15"}}
Mon Sep 14 15:01:53 UTC 2026
