Mon Sep 14 14:21:38 UTC 2026
Observer poles: [0.5+0.1j 0.5-0.1j]
K_obs shape: (2, 3)
Exact period: 20.944 | T_record_start: 50 | attack_start: 71
n=2 | M=3 | threshold=12.838
Sigma_fm  diag: [0.00039771 0.00018217 0.0001825 ]
Sigma_obs diag: [5.63881913e-04 7.69635796e-05 1.04166975e-04]

Monte Carlo | N_trials=20 | attack_duration=30 ...
  Trial 1/20 done
  Trial 2/20 done
  Trial 3/20 done
  Trial 4/20 done
  Trial 5/20 done
  Trial 6/20 done
  Trial 7/20 done
  Trial 8/20 done
  Trial 9/20 done
  Trial 10/20 done
  Trial 11/20 done
  Trial 12/20 done
  Trial 13/20 done
  Trial 14/20 done
  Trial 15/20 done
  Trial 16/20 done
  Trial 17/20 done
  Trial 18/20 done
  Trial 19/20 done
  Trial 20/20 done
Done.
TimesFM  — FAR: 0.005 | DR: 1.000
Observer — FAR: 0.028 | DR: 1.000
rolling seed 1/20 complete
rolling seed 2/20 complete
rolling seed 3/20 complete
rolling seed 4/20 complete
rolling seed 5/20 complete
rolling seed 6/20 complete
rolling seed 7/20 complete
rolling seed 8/20 complete
rolling seed 9/20 complete
rolling seed 10/20 complete
rolling seed 11/20 complete
rolling seed 12/20 complete
rolling seed 13/20 complete
rolling seed 14/20 complete
rolling seed 15/20 complete
rolling seed 16/20 complete
rolling seed 17/20 complete
rolling seed 18/20 complete
rolling seed 19/20 complete
rolling seed 20/20 complete
alarm_only_blend seed 1/20 complete
alarm_only_blend seed 2/20 complete
alarm_only_blend seed 3/20 complete
alarm_only_blend seed 4/20 complete
alarm_only_blend seed 5/20 complete
alarm_only_blend seed 6/20 complete
alarm_only_blend seed 7/20 complete
alarm_only_blend seed 8/20 complete
alarm_only_blend seed 9/20 complete
alarm_only_blend seed 10/20 complete
alarm_only_blend seed 11/20 complete
alarm_only_blend seed 12/20 complete
alarm_only_blend seed 13/20 complete
alarm_only_blend seed 14/20 complete
alarm_only_blend seed 15/20 complete
alarm_only_blend seed 16/20 complete
alarm_only_blend seed 17/20 complete
alarm_only_blend seed 18/20 complete
alarm_only_blend seed 19/20 complete
alarm_only_blend seed 20/20 complete
literal_freeze seed 1/20 complete
literal_freeze seed 2/20 complete
literal_freeze seed 3/20 complete
literal_freeze seed 4/20 complete
literal_freeze seed 5/20 complete
literal_freeze seed 6/20 complete
literal_freeze seed 7/20 complete
literal_freeze seed 8/20 complete
literal_freeze seed 9/20 complete
literal_freeze seed 10/20 complete
literal_freeze seed 11/20 complete
literal_freeze seed 12/20 complete
literal_freeze seed 13/20 complete
literal_freeze seed 14/20 complete
literal_freeze seed 15/20 complete
literal_freeze seed 16/20 complete
literal_freeze seed 17/20 complete
literal_freeze seed 18/20 complete
literal_freeze seed 19/20 complete
literal_freeze seed 20/20 complete
{"implementation_complete": true, "implementation_gate_pass": true, "model_initialization_seconds": 1.9477830679999215, "inference_and_bookkeeping_seconds_including_lazy_jit": 2152.566708811, "comparisons": [{"policy": "historical_oracle_blend", "attack_points": 600, "clean_points": 600, "detected_episodes": 20, "episode_denominator": 20, "alarm_attack_points": 200, "alarm_clean_points": 3}, {"policy": "rolling", "attack_points": 600, "clean_points": 600, "detected_episodes": 20, "episode_denominator": 20, "alarm_attack_points": 138, "alarm_clean_points": 3}, {"policy": "alarm_only_blend", "attack_points": 600, "clean_points": 600, "detected_episodes": 20, "episode_denominator": 20, "alarm_attack_points": 200, "alarm_clean_points": 3}, {"policy": "literal_freeze", "attack_points": 600, "clean_points": 600, "detected_episodes": 20, "episode_denominator": 20, "alarm_attack_points": 246, "alarm_clean_points": 64}], "historical_oracle_attack_onset": true, "covariance_finite": true, "historical_statistics_finite": true, "unique_complete_rows": true, "unique_complete_interventions": true, "intervention_steps": 8000, "novel_method_tested": false, "qualification_gate": "PASS", "mode": "original25", "protocol_freeze": {"frozen_utc": "2026-09-14T14:02:44.155776+00:00", "phase": "Q1 precompute", "no_experiments_executed_before_freeze": true, "files": {"QUALIFICATION_PROTOCOL.md": "9e7261151100a93bed67ac5009322fa72d232fe786b05153de8a97c0c04e1406", "SOURCE_MANIFEST.json": "94448c0a76334191ac1599024d3ef09eb7a9c3a984df1172b528de39965f95a1"}, "editorial_correction": "Author list checked against arXiv primary record before all computation; no protocol/threshold change."}, "completed_utc": "2026-09-14T14:57:36.287670+00:00", "runtime_seconds": 2155.8417286872864, "python": "3.10.12", "torch": "2.6.0+cu124", "numpy": "2.2.6", "device": "NVIDIA A10G", "peak_allocated_gib": 0.8754153251647949, "runner_sha256": "efe42db66be79a0267c78a8d3e790e66ec3ddcadc9a61f2f7407b9992bff9bc2", "heldout_hai_scored": false, "artifacts": {"interventions.jsonl": "75ae3e1c9b3a5f46b2a00d2ca7cbfc35986acbb7412f80743843bb0ce4445a8b", "pointwise.jsonl": "558b94883bfe33740d73b0126ff1cba6591d5838bcd7591935b750f0d7531d6f", "historical_raw.npz": "99daa2b50c1d71ef06c03387516d287551d5a5a79384ae5655c2218614fae72e"}}
Mon Sep 14 14:57:36 UTC 2026
