Collecting pip==25.2
  Downloading pip-25.2-py3-none-any.whl (1.8 MB)
     ━━━━━━━━━━━━━━━━━━━━━━━━━━━━━━━━━━━━━━━━ 1.8/1.8 MB 21.6 MB/s eta 0:00:00
Installing collected packages: pip
  Attempting uninstall: pip
    Found existing installation: pip 22.0.2
    Uninstalling pip-22.0.2:
      Successfully uninstalled pip-22.0.2
Successfully installed pip-25.2
Looking in indexes: https://download.pytorch.org/whl/cu124
Collecting torch==2.6.0+cu124
  Downloading https://download-r2.pytorch.org/whl/cu124/torch-2.6.0%2Bcu124-cp310-cp310-linux_x86_64.whl.metadata (28 kB)
Collecting filelock (from torch==2.6.0+cu124)
  Downloading filelock-3.32.3-py3-none-any.whl.metadata (2.0 kB)
Collecting typing-extensions>=4.10.0 (from torch==2.6.0+cu124)
  Downloading typing_extensions-4.16.0-py3-none-any.whl.metadata (3.3 kB)
Collecting networkx (from torch==2.6.0+cu124)
  Downloading networkx-3.4.2-py3-none-any.whl.metadata (6.3 kB)
Collecting jinja2 (from torch==2.6.0+cu124)
  Downloading https://download.pytorch.org/whl/jinja2-3.1.6-py3-none-any.whl.metadata (2.9 kB)
Collecting fsspec (from torch==2.6.0+cu124)
  Downloading fsspec-2026.7.0-py3-none-any.whl.metadata (10 kB)
Collecting nvidia-cuda-nvrtc-cu12==12.4.127 (from torch==2.6.0+cu124)
  Downloading https://pypi.nvidia.com/nvidia-cuda-nvrtc-cu12/nvidia_cuda_nvrtc_cu12-12.4.127-py3-none-manylinux2014_x86_64.whl (24.6 MB)
     ━━━━━━━━━━━━━━━━━━━━━━━━━━━━━━━━━━━━━━━━ 24.6/24.6 MB 306.9 MB/s  0:00:00
Collecting nvidia-cuda-runtime-cu12==12.4.127 (from torch==2.6.0+cu124)
  Downloading https://pypi.nvidia.com/nvidia-cuda-runtime-cu12/nvidia_cuda_runtime_cu12-12.4.127-py3-none-manylinux2014_x86_64.whl (883 kB)
     ━━━━━━━━━━━━━━━━━━━━━━━━━━━━━━━━━━━━━━━━ 883.7/883.7 kB 279.6 MB/s  0:00:00
Collecting nvidia-cuda-cupti-cu12==12.4.127 (from torch==2.6.0+cu124)
  Downloading https://pypi.nvidia.com/nvidia-cuda-cupti-cu12/nvidia_cuda_cupti_cu12-12.4.127-py3-none-manylinux2014_x86_64.whl (13.8 MB)
     ━━━━━━━━━━━━━━━━━━━━━━━━━━━━━━━━━━━━━━━━ 13.8/13.8 MB 324.1 MB/s  0:00:00
Collecting nvidia-cudnn-cu12==9.1.0.70 (from torch==2.6.0+cu124)
  Downloading https://download.pytorch.org/whl/cu124/nvidia_cudnn_cu12-9.1.0.70-py3-none-manylinux2014_x86_64.whl (664.8 MB)
     ━━━━━━━━━━━━━━━━━━━━━━━━━━━━━━━━━━━━━━━━ 664.8/664.8 MB 34.9 MB/s  0:00:08
Collecting nvidia-cublas-cu12==12.4.5.8 (from torch==2.6.0+cu124)
  Downloading https://pypi.nvidia.com/nvidia-cublas-cu12/nvidia_cublas_cu12-12.4.5.8-py3-none-manylinux2014_x86_64.whl (363.4 MB)
     ━━━━━━━━━━━━━━━━━━━━━━━━━━━━━━━━━━━━━━━━ 363.4/363.4 MB 256.5 MB/s  0:00:01
Collecting nvidia-cufft-cu12==11.2.1.3 (from torch==2.6.0+cu124)
  Downloading https://pypi.nvidia.com/nvidia-cufft-cu12/nvidia_cufft_cu12-11.2.1.3-py3-none-manylinux2014_x86_64.whl (211.5 MB)
     ━━━━━━━━━━━━━━━━━━━━━━━━━━━━━━━━━━━━━━━━ 211.5/211.5 MB 332.4 MB/s  0:00:00
Collecting nvidia-curand-cu12==10.3.5.147 (from torch==2.6.0+cu124)
  Downloading https://pypi.nvidia.com/nvidia-curand-cu12/nvidia_curand_cu12-10.3.5.147-py3-none-manylinux2014_x86_64.whl (56.3 MB)
     ━━━━━━━━━━━━━━━━━━━━━━━━━━━━━━━━━━━━━━━━ 56.3/56.3 MB 305.7 MB/s  0:00:00
Collecting nvidia-cusolver-cu12==11.6.1.9 (from torch==2.6.0+cu124)
  Downloading https://pypi.nvidia.com/nvidia-cusolver-cu12/nvidia_cusolver_cu12-11.6.1.9-py3-none-manylinux2014_x86_64.whl (127.9 MB)
     ━━━━━━━━━━━━━━━━━━━━━━━━━━━━━━━━━━━━━━━━ 127.9/127.9 MB 273.6 MB/s  0:00:00
Collecting nvidia-cusparse-cu12==12.3.1.170 (from torch==2.6.0+cu124)
  Downloading https://pypi.nvidia.com/nvidia-cusparse-cu12/nvidia_cusparse_cu12-12.3.1.170-py3-none-manylinux2014_x86_64.whl (207.5 MB)
     ━━━━━━━━━━━━━━━━━━━━━━━━━━━━━━━━━━━━━━━━ 207.5/207.5 MB 327.4 MB/s  0:00:00
Collecting nvidia-cusparselt-cu12==0.6.2 (from torch==2.6.0+cu124)
  Downloading https://pypi.nvidia.com/nvidia-cusparselt-cu12/nvidia_cusparselt_cu12-0.6.2-py3-none-manylinux2014_x86_64.whl (150.1 MB)
     ━━━━━━━━━━━━━━━━━━━━━━━━━━━━━━━━━━━━━━━━ 150.1/150.1 MB 280.4 MB/s  0:00:00
Collecting nvidia-nccl-cu12==2.21.5 (from torch==2.6.0+cu124)
  Downloading https://pypi.nvidia.com/nvidia-nccl-cu12/nvidia_nccl_cu12-2.21.5-py3-none-manylinux2014_x86_64.whl (188.7 MB)
     ━━━━━━━━━━━━━━━━━━━━━━━━━━━━━━━━━━━━━━━━ 188.7/188.7 MB 322.1 MB/s  0:00:00
Collecting nvidia-nvtx-cu12==12.4.127 (from torch==2.6.0+cu124)
  Downloading https://pypi.nvidia.com/nvidia-nvtx-cu12/nvidia_nvtx_cu12-12.4.127-py3-none-manylinux2014_x86_64.whl (99 kB)
Collecting nvidia-nvjitlink-cu12==12.4.127 (from torch==2.6.0+cu124)
  Downloading https://pypi.nvidia.com/nvidia-nvjitlink-cu12/nvidia_nvjitlink_cu12-12.4.127-py3-none-manylinux2014_x86_64.whl (21.1 MB)
     ━━━━━━━━━━━━━━━━━━━━━━━━━━━━━━━━━━━━━━━━ 21.1/21.1 MB 304.8 MB/s  0:00:00
Collecting triton==3.2.0 (from torch==2.6.0+cu124)
  Downloading https://download-r2.pytorch.org/whl/triton-3.2.0-cp310-cp310-manylinux_2_27_x86_64.manylinux_2_28_x86_64.whl.metadata (1.4 kB)
Collecting sympy==1.13.1 (from torch==2.6.0+cu124)
  Downloading sympy-1.13.1-py3-none-any.whl.metadata (12 kB)
Collecting mpmath<1.4,>=1.1.0 (from sympy==1.13.1->torch==2.6.0+cu124)
  Downloading mpmath-1.3.0-py3-none-any.whl.metadata (8.6 kB)
Collecting MarkupSafe>=2.0 (from jinja2->torch==2.6.0+cu124)
  Downloading https://download.pytorch.org/whl/markupsafe-3.0.3-cp310-cp310-manylinux2014_x86_64.manylinux_2_17_x86_64.manylinux_2_28_x86_64.whl.metadata (2.7 kB)
Downloading https://download-r2.pytorch.org/whl/cu124/torch-2.6.0%2Bcu124-cp310-cp310-linux_x86_64.whl (768.4 MB)
   ━━━━━━━━━━━━━━━━━━━━━━━━━━━━━━━━━━━━━━━━ 768.4/768.4 MB 17.4 MB/s  0:00:16
Downloading sympy-1.13.1-py3-none-any.whl (6.2 MB)
   ━━━━━━━━━━━━━━━━━━━━━━━━━━━━━━━━━━━━━━━━ 6.2/6.2 MB 69.6 MB/s  0:00:00
Downloading https://download-r2.pytorch.org/whl/triton-3.2.0-cp310-cp310-manylinux_2_27_x86_64.manylinux_2_28_x86_64.whl (166.6 MB)
   ━━━━━━━━━━━━━━━━━━━━━━━━━━━━━━━━━━━━━━━━ 166.6/166.6 MB 59.0 MB/s  0:00:02
Downloading mpmath-1.3.0-py3-none-any.whl (536 kB)
   ━━━━━━━━━━━━━━━━━━━━━━━━━━━━━━━━━━━━━━━━ 536.2/536.2 kB 25.5 MB/s  0:00:00
Downloading typing_extensions-4.16.0-py3-none-any.whl (45 kB)
Downloading filelock-3.32.3-py3-none-any.whl (98 kB)
Downloading fsspec-2026.7.0-py3-none-any.whl (206 kB)
Downloading https://download.pytorch.org/whl/jinja2-3.1.6-py3-none-any.whl (134 kB)
Downloading https://download.pytorch.org/whl/markupsafe-3.0.3-cp310-cp310-manylinux2014_x86_64.manylinux_2_17_x86_64.manylinux_2_28_x86_64.whl (20 kB)
Downloading networkx-3.4.2-py3-none-any.whl (1.7 MB)
   ━━━━━━━━━━━━━━━━━━━━━━━━━━━━━━━━━━━━━━━━ 1.7/1.7 MB 50.3 MB/s  0:00:00
Installing collected packages: triton, nvidia-cusparselt-cu12, mpmath, typing-extensions, sympy, nvidia-nvtx-cu12, nvidia-nvjitlink-cu12, nvidia-nccl-cu12, nvidia-curand-cu12, nvidia-cufft-cu12, nvidia-cuda-runtime-cu12, nvidia-cuda-nvrtc-cu12, nvidia-cuda-cupti-cu12, nvidia-cublas-cu12, networkx, MarkupSafe, fsspec, filelock, nvidia-cusparse-cu12, nvidia-cudnn-cu12, jinja2, nvidia-cusolver-cu12, torch

Successfully installed MarkupSafe-3.0.3 filelock-3.32.3 fsspec-2026.7.0 jinja2-3.1.6 mpmath-1.3.0 networkx-3.4.2 nvidia-cublas-cu12-12.4.5.8 nvidia-cuda-cupti-cu12-12.4.127 nvidia-cuda-nvrtc-cu12-12.4.127 nvidia-cuda-runtime-cu12-12.4.127 nvidia-cudnn-cu12-9.1.0.70 nvidia-cufft-cu12-11.2.1.3 nvidia-curand-cu12-10.3.5.147 nvidia-cusolver-cu12-11.6.1.9 nvidia-cusparse-cu12-12.3.1.170 nvidia-cusparselt-cu12-0.6.2 nvidia-nccl-cu12-2.21.5 nvidia-nvjitlink-cu12-12.4.127 nvidia-nvtx-cu12-12.4.127 sympy-1.13.1 torch-2.6.0+cu124 triton-3.2.0 typing-extensions-4.16.0
Collecting numpy==2.2.6 (from -r /opt/dlami/nvme/praxis-d0-28fb96e0254c4f889f8ffabfba660522/extracted/final_praxis/010_d0_execution_20260915/code/requirements-gpu.txt (line 1))
  Downloading numpy-2.2.6-cp310-cp310-manylinux_2_17_x86_64.manylinux2014_x86_64.whl.metadata (62 kB)
Requirement already satisfied: torch==2.6.0+cu124 in /opt/dlami/nvme/praxis-d0-28fb96e0254c4f889f8ffabfba660522/extracted/venv/lib/python3.10/site-packages (from -r /opt/dlami/nvme/praxis-d0-28fb96e0254c4f889f8ffabfba660522/extracted/final_praxis/010_d0_execution_20260915/code/requirements-gpu.txt (line 2)) (2.6.0+cu124)
Collecting huggingface-hub==0.34.4 (from -r /opt/dlami/nvme/praxis-d0-28fb96e0254c4f889f8ffabfba660522/extracted/final_praxis/010_d0_execution_20260915/code/requirements-gpu.txt (line 3))
  Downloading huggingface_hub-0.34.4-py3-none-any.whl.metadata (14 kB)
Collecting safetensors==0.6.2 (from -r /opt/dlami/nvme/praxis-d0-28fb96e0254c4f889f8ffabfba660522/extracted/final_praxis/010_d0_execution_20260915/code/requirements-gpu.txt (line 4))
  Downloading safetensors-0.6.2-cp38-abi3-manylinux_2_17_x86_64.manylinux2014_x86_64.whl.metadata (4.1 kB)
Requirement already satisfied: filelock in /opt/dlami/nvme/praxis-d0-28fb96e0254c4f889f8ffabfba660522/extracted/venv/lib/python3.10/site-packages (from torch==2.6.0+cu124->-r /opt/dlami/nvme/praxis-d0-28fb96e0254c4f889f8ffabfba660522/extracted/final_praxis/010_d0_execution_20260915/code/requirements-gpu.txt (line 2)) (3.32.3)
Requirement already satisfied: typing-extensions>=4.10.0 in /opt/dlami/nvme/praxis-d0-28fb96e0254c4f889f8ffabfba660522/extracted/venv/lib/python3.10/site-packages (from torch==2.6.0+cu124->-r /opt/dlami/nvme/praxis-d0-28fb96e0254c4f889f8ffabfba660522/extracted/final_praxis/010_d0_execution_20260915/code/requirements-gpu.txt (line 2)) (4.16.0)
Requirement already satisfied: networkx in /opt/dlami/nvme/praxis-d0-28fb96e0254c4f889f8ffabfba660522/extracted/venv/lib/python3.10/site-packages (from torch==2.6.0+cu124->-r /opt/dlami/nvme/praxis-d0-28fb96e0254c4f889f8ffabfba660522/extracted/final_praxis/010_d0_execution_20260915/code/requirements-gpu.txt (line 2)) (3.4.2)
Requirement already satisfied: jinja2 in /opt/dlami/nvme/praxis-d0-28fb96e0254c4f889f8ffabfba660522/extracted/venv/lib/python3.10/site-packages (from torch==2.6.0+cu124->-r /opt/dlami/nvme/praxis-d0-28fb96e0254c4f889f8ffabfba660522/extracted/final_praxis/010_d0_execution_20260915/code/requirements-gpu.txt (line 2)) (3.1.6)
Requirement already satisfied: fsspec in /opt/dlami/nvme/praxis-d0-28fb96e0254c4f889f8ffabfba660522/extracted/venv/lib/python3.10/site-packages (from torch==2.6.0+cu124->-r /opt/dlami/nvme/praxis-d0-28fb96e0254c4f889f8ffabfba660522/extracted/final_praxis/010_d0_execution_20260915/code/requirements-gpu.txt (line 2)) (2026.7.0)
Requirement already satisfied: nvidia-cuda-nvrtc-cu12==12.4.127 in /opt/dlami/nvme/praxis-d0-28fb96e0254c4f889f8ffabfba660522/extracted/venv/lib/python3.10/site-packages (from torch==2.6.0+cu124->-r /opt/dlami/nvme/praxis-d0-28fb96e0254c4f889f8ffabfba660522/extracted/final_praxis/010_d0_execution_20260915/code/requirements-gpu.txt (line 2)) (12.4.127)
Requirement already satisfied: nvidia-cuda-runtime-cu12==12.4.127 in /opt/dlami/nvme/praxis-d0-28fb96e0254c4f889f8ffabfba660522/extracted/venv/lib/python3.10/site-packages (from torch==2.6.0+cu124->-r /opt/dlami/nvme/praxis-d0-28fb96e0254c4f889f8ffabfba660522/extracted/final_praxis/010_d0_execution_20260915/code/requirements-gpu.txt (line 2)) (12.4.127)
Requirement already satisfied: nvidia-cuda-cupti-cu12==12.4.127 in /opt/dlami/nvme/praxis-d0-28fb96e0254c4f889f8ffabfba660522/extracted/venv/lib/python3.10/site-packages (from torch==2.6.0+cu124->-r /opt/dlami/nvme/praxis-d0-28fb96e0254c4f889f8ffabfba660522/extracted/final_praxis/010_d0_execution_20260915/code/requirements-gpu.txt (line 2)) (12.4.127)
Requirement already satisfied: nvidia-cudnn-cu12==9.1.0.70 in /opt/dlami/nvme/praxis-d0-28fb96e0254c4f889f8ffabfba660522/extracted/venv/lib/python3.10/site-packages (from torch==2.6.0+cu124->-r /opt/dlami/nvme/praxis-d0-28fb96e0254c4f889f8ffabfba660522/extracted/final_praxis/010_d0_execution_20260915/code/requirements-gpu.txt (line 2)) (9.1.0.70)
Requirement already satisfied: nvidia-cublas-cu12==12.4.5.8 in /opt/dlami/nvme/praxis-d0-28fb96e0254c4f889f8ffabfba660522/extracted/venv/lib/python3.10/site-packages (from torch==2.6.0+cu124->-r /opt/dlami/nvme/praxis-d0-28fb96e0254c4f889f8ffabfba660522/extracted/final_praxis/010_d0_execution_20260915/code/requirements-gpu.txt (line 2)) (12.4.5.8)
Requirement already satisfied: nvidia-cufft-cu12==11.2.1.3 in /opt/dlami/nvme/praxis-d0-28fb96e0254c4f889f8ffabfba660522/extracted/venv/lib/python3.10/site-packages (from torch==2.6.0+cu124->-r /opt/dlami/nvme/praxis-d0-28fb96e0254c4f889f8ffabfba660522/extracted/final_praxis/010_d0_execution_20260915/code/requirements-gpu.txt (line 2)) (11.2.1.3)
Requirement already satisfied: nvidia-curand-cu12==10.3.5.147 in /opt/dlami/nvme/praxis-d0-28fb96e0254c4f889f8ffabfba660522/extracted/venv/lib/python3.10/site-packages (from torch==2.6.0+cu124->-r /opt/dlami/nvme/praxis-d0-28fb96e0254c4f889f8ffabfba660522/extracted/final_praxis/010_d0_execution_20260915/code/requirements-gpu.txt (line 2)) (10.3.5.147)
Requirement already satisfied: nvidia-cusolver-cu12==11.6.1.9 in /opt/dlami/nvme/praxis-d0-28fb96e0254c4f889f8ffabfba660522/extracted/venv/lib/python3.10/site-packages (from torch==2.6.0+cu124->-r /opt/dlami/nvme/praxis-d0-28fb96e0254c4f889f8ffabfba660522/extracted/final_praxis/010_d0_execution_20260915/code/requirements-gpu.txt (line 2)) (11.6.1.9)
Requirement already satisfied: nvidia-cusparse-cu12==12.3.1.170 in /opt/dlami/nvme/praxis-d0-28fb96e0254c4f889f8ffabfba660522/extracted/venv/lib/python3.10/site-packages (from torch==2.6.0+cu124->-r /opt/dlami/nvme/praxis-d0-28fb96e0254c4f889f8ffabfba660522/extracted/final_praxis/010_d0_execution_20260915/code/requirements-gpu.txt (line 2)) (12.3.1.170)
Requirement already satisfied: nvidia-cusparselt-cu12==0.6.2 in /opt/dlami/nvme/praxis-d0-28fb96e0254c4f889f8ffabfba660522/extracted/venv/lib/python3.10/site-packages (from torch==2.6.0+cu124->-r /opt/dlami/nvme/praxis-d0-28fb96e0254c4f889f8ffabfba660522/extracted/final_praxis/010_d0_execution_20260915/code/requirements-gpu.txt (line 2)) (0.6.2)
Requirement already satisfied: nvidia-nccl-cu12==2.21.5 in /opt/dlami/nvme/praxis-d0-28fb96e0254c4f889f8ffabfba660522/extracted/venv/lib/python3.10/site-packages (from torch==2.6.0+cu124->-r /opt/dlami/nvme/praxis-d0-28fb96e0254c4f889f8ffabfba660522/extracted/final_praxis/010_d0_execution_20260915/code/requirements-gpu.txt (line 2)) (2.21.5)
Requirement already satisfied: nvidia-nvtx-cu12==12.4.127 in /opt/dlami/nvme/praxis-d0-28fb96e0254c4f889f8ffabfba660522/extracted/venv/lib/python3.10/site-packages (from torch==2.6.0+cu124->-r /opt/dlami/nvme/praxis-d0-28fb96e0254c4f889f8ffabfba660522/extracted/final_praxis/010_d0_execution_20260915/code/requirements-gpu.txt (line 2)) (12.4.127)
Requirement already satisfied: nvidia-nvjitlink-cu12==12.4.127 in /opt/dlami/nvme/praxis-d0-28fb96e0254c4f889f8ffabfba660522/extracted/venv/lib/python3.10/site-packages (from torch==2.6.0+cu124->-r /opt/dlami/nvme/praxis-d0-28fb96e0254c4f889f8ffabfba660522/extracted/final_praxis/010_d0_execution_20260915/code/requirements-gpu.txt (line 2)) (12.4.127)
Requirement already satisfied: triton==3.2.0 in /opt/dlami/nvme/praxis-d0-28fb96e0254c4f889f8ffabfba660522/extracted/venv/lib/python3.10/site-packages (from torch==2.6.0+cu124->-r /opt/dlami/nvme/praxis-d0-28fb96e0254c4f889f8ffabfba660522/extracted/final_praxis/010_d0_execution_20260915/code/requirements-gpu.txt (line 2)) (3.2.0)
Requirement already satisfied: sympy==1.13.1 in /opt/dlami/nvme/praxis-d0-28fb96e0254c4f889f8ffabfba660522/extracted/venv/lib/python3.10/site-packages (from torch==2.6.0+cu124->-r /opt/dlami/nvme/praxis-d0-28fb96e0254c4f889f8ffabfba660522/extracted/final_praxis/010_d0_execution_20260915/code/requirements-gpu.txt (line 2)) (1.13.1)
Collecting packaging>=20.9 (from huggingface-hub==0.34.4->-r /opt/dlami/nvme/praxis-d0-28fb96e0254c4f889f8ffabfba660522/extracted/final_praxis/010_d0_execution_20260915/code/requirements-gpu.txt (line 3))
  Downloading packaging-26.3-py3-none-any.whl.metadata (3.5 kB)
Collecting pyyaml>=5.1 (from huggingface-hub==0.34.4->-r /opt/dlami/nvme/praxis-d0-28fb96e0254c4f889f8ffabfba660522/extracted/final_praxis/010_d0_execution_20260915/code/requirements-gpu.txt (line 3))
  Downloading pyyaml-6.0.3-cp310-cp310-manylinux2014_x86_64.manylinux_2_17_x86_64.manylinux_2_28_x86_64.whl.metadata (2.4 kB)
Collecting requests (from huggingface-hub==0.34.4->-r /opt/dlami/nvme/praxis-d0-28fb96e0254c4f889f8ffabfba660522/extracted/final_praxis/010_d0_execution_20260915/code/requirements-gpu.txt (line 3))
  Downloading requests-2.34.2-py3-none-any.whl.metadata (4.8 kB)
Collecting tqdm>=4.42.1 (from huggingface-hub==0.34.4->-r /opt/dlami/nvme/praxis-d0-28fb96e0254c4f889f8ffabfba660522/extracted/final_praxis/010_d0_execution_20260915/code/requirements-gpu.txt (line 3))
  Downloading tqdm-4.70.1-py3-none-any.whl.metadata (57 kB)
Collecting hf-xet<2.0.0,>=1.1.3 (from huggingface-hub==0.34.4->-r /opt/dlami/nvme/praxis-d0-28fb96e0254c4f889f8ffabfba660522/extracted/final_praxis/010_d0_execution_20260915/code/requirements-gpu.txt (line 3))
  Downloading hf_xet-1.6.0-cp38-abi3-manylinux2014_x86_64.manylinux_2_17_x86_64.whl.metadata (4.9 kB)
Requirement already satisfied: mpmath<1.4,>=1.1.0 in /opt/dlami/nvme/praxis-d0-28fb96e0254c4f889f8ffabfba660522/extracted/venv/lib/python3.10/site-packages (from sympy==1.13.1->torch==2.6.0+cu124->-r /opt/dlami/nvme/praxis-d0-28fb96e0254c4f889f8ffabfba660522/extracted/final_praxis/010_d0_execution_20260915/code/requirements-gpu.txt (line 2)) (1.3.0)
Requirement already satisfied: MarkupSafe>=2.0 in /opt/dlami/nvme/praxis-d0-28fb96e0254c4f889f8ffabfba660522/extracted/venv/lib/python3.10/site-packages (from jinja2->torch==2.6.0+cu124->-r /opt/dlami/nvme/praxis-d0-28fb96e0254c4f889f8ffabfba660522/extracted/final_praxis/010_d0_execution_20260915/code/requirements-gpu.txt (line 2)) (3.0.3)
Collecting charset_normalizer<4,>=2 (from requests->huggingface-hub==0.34.4->-r /opt/dlami/nvme/praxis-d0-28fb96e0254c4f889f8ffabfba660522/extracted/final_praxis/010_d0_execution_20260915/code/requirements-gpu.txt (line 3))
  Downloading charset_normalizer-3.5.1-cp310-cp310-manylinux2014_x86_64.manylinux_2_17_x86_64.manylinux_2_28_x86_64.whl.metadata (45 kB)
Collecting idna<4,>=2.5 (from requests->huggingface-hub==0.34.4->-r /opt/dlami/nvme/praxis-d0-28fb96e0254c4f889f8ffabfba660522/extracted/final_praxis/010_d0_execution_20260915/code/requirements-gpu.txt (line 3))
  Downloading idna-3.19-py3-none-any.whl.metadata (9.2 kB)
Collecting urllib3<3,>=1.26 (from requests->huggingface-hub==0.34.4->-r /opt/dlami/nvme/praxis-d0-28fb96e0254c4f889f8ffabfba660522/extracted/final_praxis/010_d0_execution_20260915/code/requirements-gpu.txt (line 3))
  Downloading urllib3-2.8.0-py3-none-any.whl.metadata (7.4 kB)
Collecting certifi>=2023.5.7 (from requests->huggingface-hub==0.34.4->-r /opt/dlami/nvme/praxis-d0-28fb96e0254c4f889f8ffabfba660522/extracted/final_praxis/010_d0_execution_20260915/code/requirements-gpu.txt (line 3))
  Downloading certifi-2026.7.22-py3-none-any.whl.metadata (2.5 kB)
Downloading numpy-2.2.6-cp310-cp310-manylinux_2_17_x86_64.manylinux2014_x86_64.whl (16.8 MB)
   ━━━━━━━━━━━━━━━━━━━━━━━━━━━━━━━━━━━━━━━━ 16.8/16.8 MB 184.8 MB/s  0:00:00
Downloading huggingface_hub-0.34.4-py3-none-any.whl (561 kB)
   ━━━━━━━━━━━━━━━━━━━━━━━━━━━━━━━━━━━━━━━━ 561.5/561.5 kB 85.2 MB/s  0:00:00
Downloading safetensors-0.6.2-cp38-abi3-manylinux_2_17_x86_64.manylinux2014_x86_64.whl (485 kB)
Downloading hf_xet-1.6.0-cp38-abi3-manylinux2014_x86_64.manylinux_2_17_x86_64.whl (4.5 MB)
   ━━━━━━━━━━━━━━━━━━━━━━━━━━━━━━━━━━━━━━━━ 4.5/4.5 MB 168.5 MB/s  0:00:00
Downloading packaging-26.3-py3-none-any.whl (129 kB)
Downloading pyyaml-6.0.3-cp310-cp310-manylinux2014_x86_64.manylinux_2_17_x86_64.manylinux_2_28_x86_64.whl (770 kB)
   ━━━━━━━━━━━━━━━━━━━━━━━━━━━━━━━━━━━━━━━━ 770.3/770.3 kB 116.5 MB/s  0:00:00
Downloading tqdm-4.70.1-py3-none-any.whl (80 kB)
Downloading requests-2.34.2-py3-none-any.whl (73 kB)
Downloading charset_normalizer-3.5.1-cp310-cp310-manylinux2014_x86_64.manylinux_2_17_x86_64.manylinux_2_28_x86_64.whl (261 kB)
Downloading idna-3.19-py3-none-any.whl (68 kB)
Downloading urllib3-2.8.0-py3-none-any.whl (135 kB)
Downloading certifi-2026.7.22-py3-none-any.whl (136 kB)
Installing collected packages: urllib3, tqdm, safetensors, pyyaml, packaging, numpy, idna, hf-xet, charset_normalizer, certifi, requests, huggingface-hub

Successfully installed certifi-2026.7.22 charset_normalizer-3.5.1 hf-xet-1.6.0 huggingface-hub-0.34.4 idna-3.19 numpy-2.2.6 packaging-26.3 pyyaml-6.0.3 requests-2.34.2 safetensors-0.6.2 tqdm-4.70.1 urllib3-2.8.0
{"status": "ASSETS_VERIFIED_NO_INFERENCE", "source_archive_sha256": "ecb62c7cc793937991bbaf4a481d60ac74e84724db3e9d6ea457b2b350f11692", "source_csv_sha256": "e3e67660bbaa840ef24e70b38f0b384d41c7e2bce71bf0edbab65565a40a7584", "weights_sha256": "a7592b0a8432baee54483254e5647856911ce69e09d09a9bb65904b2d98f17da", "source_revision": "8cb0628371af142e16b8c232cc9fbf667ffb12f9", "model_revision": "43046b85ec22d584a13f8098c2ed39c889e129c2", "model_calls": 0}
{"status": "PREPARED_NO_MODEL_INFERENCE", "evaluations_prepared": 1024, "arrays": {"inputs": {"shape": [4, 32, 8, 3, 128], "dtype": "float32", "sha256": "1dee39c6e6c7bb3757fbe2c4f3871ace04ae04a16edf1dd7344c0085b898add9"}, "targets": {"shape": [32, 3], "dtype": "float64", "sha256": "bf9950ff0639da7ca766c9253d2cb2a187400981dbf9cbbadde7d7c411f1f21f"}, "origins": {"shape": [32], "dtype": "int64", "sha256": "ad26abb5f46d7ee752402bf835035a2b7a10d9ce27296e403d732e89d1559183"}, "values": {"shape": [1007], "dtype": "float64", "sha256": "19b5084efd66da358ba98197e449ef8d86c2aada571c0b4dd2f9e170ae030ee8"}, "noise": {"shape": [1007, 3], "dtype": "float64", "sha256": "e64809d51b346d85aec1ff326fee3f129361d5824de26f04133fa49e91ef534b"}, "derived": {"shape": [1003, 3], "dtype": "float64", "sha256": "e64a8c54fe618c950d7fb76f4013c0d18ab1776d0692c90163efa9413107645e"}}}
{"audit_status": "PASS", "decision": "INPUTS_AND_FREEZE_VERIFIED_NO_MODEL_RESULTS", "errors": [], "summary": "/opt/dlami/nvme/praxis-d0-28fb96e0254c4f889f8ffabfba660522/extracted/output/prepared_audit/PREPARED_AUDIT.json"}
{"completed_evaluations": 8, "assigned_evaluations": 1024, "last_identity": {"evaluation_index": 7, "input_sha256": "7a0e43cdaa9317175bd9dce68c367f99425f2ee2b1f1f8ee779644752ab6af5e", "oi": 0, "origin": 384, "pi": 0, "pipeline": "joint_native3", "si": 7, "state": "clean_repeat", "target_sha256": "d0e8f233c4f82cdcd6f3707aaff82546ce070f0f1a50a4d4855d78e7b953063b"}, "forward_calls": 8, "tensor_batch_sequences": 8, "tensor_channel_sequences": 24, "elapsed_seconds": 7.439432552999989, "updated_utc": "2026-09-16T21:09:14.064047+00:00"}
{"completed_evaluations": 16, "assigned_evaluations": 1024, "last_identity": {"evaluation_index": 15, "input_sha256": "8e32acc289b3292d68866c4ff922ab3d7d10459ecb1349e867d9755a0a085968", "oi": 1, "origin": 404, "pi": 0, "pipeline": "joint_native3", "si": 7, "state": "clean_repeat", "target_sha256": "36b834b556eaaee45b2c11f5785deb3ad66b5be2f2f7f456e2eb8d89919573ca"}, "forward_calls": 16, "tensor_batch_sequences": 16, "tensor_channel_sequences": 48, "elapsed_seconds": 8.621663433999998, "updated_utc": "2026-09-16T21:09:15.246278+00:00"}
{"completed_evaluations": 24, "assigned_evaluations": 1024, "last_identity": {"evaluation_index": 23, "input_sha256": "7396b4e55297d1969d30f747c1f071cd0b2982657f22a11fbefb48e44e9a0c11", "oi": 2, "origin": 424, "pi": 0, "pipeline": "joint_native3", "si": 7, "state": "clean_repeat", "target_sha256": "3bc3647ed82250594db512a1c3d769789a6a442d86f6e9fc597622255fc5a415"}, "forward_calls": 24, "tensor_batch_sequences": 24, "tensor_channel_sequences": 72, "elapsed_seconds": 9.798656093000005, "updated_utc": "2026-09-16T21:09:16.423271+00:00"}
{"completed_evaluations": 32, "assigned_evaluations": 1024, "last_identity": {"evaluation_index": 31, "input_sha256": "6e0ae564f2bd15b6b3072b5bba1dd817f18433caa8b46bcb39a877bf1b7f22ab", "oi": 3, "origin": 444, "pi": 0, "pipeline": "joint_native3", "si": 7, "state": "clean_repeat", "target_sha256": "8b152dba83611064520b85cd83fb2aee218513279ae7188c0804ac98194d14ab"}, "forward_calls": 32, "tensor_batch_sequences": 32, "tensor_channel_sequences": 96, "elapsed_seconds": 10.97967770599999, "updated_utc": "2026-09-16T21:09:17.604292+00:00"}
{"completed_evaluations": 40, "assigned_evaluations": 1024, "last_identity": {"evaluation_index": 39, "input_sha256": "ec675b807c65a1571035ee763424f135a4b73ebff70c9a6a23d2987a04763b92", "oi": 4, "origin": 464, "pi": 0, "pipeline": "joint_native3", "si": 7, "state": "clean_repeat", "target_sha256": "5730d76667db855f5f7153f2105d4b43b066d97a1aff204fe3331ebc6d25c725"}, "forward_calls": 40, "tensor_batch_sequences": 40, "tensor_channel_sequences": 120, "elapsed_seconds": 12.158738964000008, "updated_utc": "2026-09-16T21:09:18.783353+00:00"}
{"completed_evaluations": 48, "assigned_evaluations": 1024, "last_identity": {"evaluation_index": 47, "input_sha256": "6a6a1793acfa5164133cfdbfb21ca4e524388a3272cf10fd8a3a0a9802415455", "oi": 5, "origin": 484, "pi": 0, "pipeline": "joint_native3", "si": 7, "state": "clean_repeat", "target_sha256": "2ccfb25f6e5d2bc39a98776df4a70dd2c83fd8133b8e2bc318d9a2ca0684958a"}, "forward_calls": 48, "tensor_batch_sequences": 48, "tensor_channel_sequences": 144, "elapsed_seconds": 13.339604303000016, "updated_utc": "2026-09-16T21:09:19.964219+00:00"}
{"completed_evaluations": 56, "assigned_evaluations": 1024, "last_identity": {"evaluation_index": 55, "input_sha256": "502b2377cdcaaaed332971b1a67a9b75232bc2f33a3842d4a8380f3f82d4a62d", "oi": 6, "origin": 504, "pi": 0, "pipeline": "joint_native3", "si": 7, "state": "clean_repeat", "target_sha256": "85afb87de5f911484d840a0214c1208321c8fd1ce437a5f38db3d2a71dbde9a1"}, "forward_calls": 56, "tensor_batch_sequences": 56, "tensor_channel_sequences": 168, "elapsed_seconds": 14.49909333299999, "updated_utc": "2026-09-16T21:09:21.123708+00:00"}
{"completed_evaluations": 64, "assigned_evaluations": 1024, "last_identity": {"evaluation_index": 63, "input_sha256": "935223db7d302507e5e726ed685383d4002fcf505662af1e1c9c5a8c0775697e", "oi": 7, "origin": 524, "pi": 0, "pipeline": "joint_native3", "si": 7, "state": "clean_repeat", "target_sha256": "2024ae21aa4b6adeb95a0e9252b307e4943d0a14fe14ef1c09cdc0767618c08c"}, "forward_calls": 64, "tensor_batch_sequences": 64, "tensor_channel_sequences": 192, "elapsed_seconds": 15.676118433, "updated_utc": "2026-09-16T21:09:22.300733+00:00"}
{"completed_evaluations": 72, "assigned_evaluations": 1024, "last_identity": {"evaluation_index": 71, "input_sha256": "f883983ab40422e20104271c0f1d95a21d51e175e5636636c0f9c53a8aaf79f7", "oi": 8, "origin": 544, "pi": 0, "pipeline": "joint_native3", "si": 7, "state": "clean_repeat", "target_sha256": "d352f966b4d7487281b040b1d8e21f7168684d3109f9fdc7cf19ca126705f2d1"}, "forward_calls": 72, "tensor_batch_sequences": 72, "tensor_channel_sequences": 216, "elapsed_seconds": 16.855176040999993, "updated_utc": "2026-09-16T21:09:23.479791+00:00"}
{"completed_evaluations": 80, "assigned_evaluations": 1024, "last_identity": {"evaluation_index": 79, "input_sha256": "304f36c1ab8f25967caeb6662406db247927a3457f4c9b5f5341e14e7f59bb0c", "oi": 9, "origin": 564, "pi": 0, "pipeline": "joint_native3", "si": 7, "state": "clean_repeat", "target_sha256": "748aab076f207285d9f36a833b7518ef679475ff0b2a1cc1649ec3a429d833e7"}, "forward_calls": 80, "tensor_batch_sequences": 80, "tensor_channel_sequences": 240, "elapsed_seconds": 18.030637283999994, "updated_utc": "2026-09-16T21:09:24.655252+00:00"}
{"completed_evaluations": 88, "assigned_evaluations": 1024, "last_identity": {"evaluation_index": 87, "input_sha256": "4814adc6c421547a62c07ddef2edec5e559a20d87433bf5e485d59877c7b175d", "oi": 10, "origin": 584, "pi": 0, "pipeline": "joint_native3", "si": 7, "state": "clean_repeat", "target_sha256": "bfa0ea1b52dcf24814df5058604bc6b8b8be34a0a907600eb7adef61e522d321"}, "forward_calls": 88, "tensor_batch_sequences": 88, "tensor_channel_sequences": 264, "elapsed_seconds": 19.204592918999992, "updated_utc": "2026-09-16T21:09:25.829207+00:00"}
{"completed_evaluations": 96, "assigned_evaluations": 1024, "last_identity": {"evaluation_index": 95, "input_sha256": "01b4968348b860522e21c7ed4cb36fbbc7ff82d6a6524a768826b288c7db5ae0", "oi": 11, "origin": 604, "pi": 0, "pipeline": "joint_native3", "si": 7, "state": "clean_repeat", "target_sha256": "02004dedfe04b72313761d7d4a6671babf1769aa3489ac17fa0eed3ddadcbf2a"}, "forward_calls": 96, "tensor_batch_sequences": 96, "tensor_channel_sequences": 288, "elapsed_seconds": 20.39104248999999, "updated_utc": "2026-09-16T21:09:27.015657+00:00"}
{"completed_evaluations": 104, "assigned_evaluations": 1024, "last_identity": {"evaluation_index": 103, "input_sha256": "8748ccdb3e6b06ca0f345d53404a398894ddebe1845f77d5a20c131cd699db0d", "oi": 12, "origin": 624, "pi": 0, "pipeline": "joint_native3", "si": 7, "state": "clean_repeat", "target_sha256": "6b3be00e2d44ad10adf1aefb7502a1cd9bf8370b1358e428e07accf34656522c"}, "forward_calls": 104, "tensor_batch_sequences": 104, "tensor_channel_sequences": 312, "elapsed_seconds": 21.559518636999996, "updated_utc": "2026-09-16T21:09:28.184133+00:00"}
{"completed_evaluations": 112, "assigned_evaluations": 1024, "last_identity": {"evaluation_index": 111, "input_sha256": "d826c1ce1d414d3de2af8c9854cecfdacfde8b843afd2d23ff92d51d708a4e3a", "oi": 13, "origin": 644, "pi": 0, "pipeline": "joint_native3", "si": 7, "state": "clean_repeat", "target_sha256": "0aad954522629161c1120f2c81730e745f8e718dd9e27f17364a6dc7b6bb13be"}, "forward_calls": 112, "tensor_batch_sequences": 112, "tensor_channel_sequences": 336, "elapsed_seconds": 22.736409116000004, "updated_utc": "2026-09-16T21:09:29.361024+00:00"}
{"completed_evaluations": 120, "assigned_evaluations": 1024, "last_identity": {"evaluation_index": 119, "input_sha256": "84fe650d57f1cf67526527b93a837849c5f0c8bfa0051835a7ed3685a531818c", "oi": 14, "origin": 664, "pi": 0, "pipeline": "joint_native3", "si": 7, "state": "clean_repeat", "target_sha256": "672c0f005471eab72e267dadc71efecbf6bbd24cfc8f5212e868f44ad0c2f402"}, "forward_calls": 120, "tensor_batch_sequences": 120, "tensor_channel_sequences": 360, "elapsed_seconds": 23.914798582999993, "updated_utc": "2026-09-16T21:09:30.539413+00:00"}
{"completed_evaluations": 128, "assigned_evaluations": 1024, "last_identity": {"evaluation_index": 127, "input_sha256": "fb7b650a8107ed5e7e0bc15d41ef21975fb2b95d087a8adb35f3fa19d5a8f437", "oi": 15, "origin": 684, "pi": 0, "pipeline": "joint_native3", "si": 7, "state": "clean_repeat", "target_sha256": "447ed9a888d0b6bc9bc4df914ff4c78d5af91ea5b65b73429b2989293446ccf9"}, "forward_calls": 128, "tensor_batch_sequences": 128, "tensor_channel_sequences": 384, "elapsed_seconds": 25.086799809000013, "updated_utc": "2026-09-16T21:09:31.711414+00:00"}
{"completed_evaluations": 136, "assigned_evaluations": 1024, "last_identity": {"evaluation_index": 135, "input_sha256": "b93889dff795596a22cb8ff6b1fe7963802042975fb4e4055fd5c8631371131f", "oi": 16, "origin": 705, "pi": 0, "pipeline": "joint_native3", "si": 7, "state": "clean_repeat", "target_sha256": "11afe40ed21a8256c9ca39bf2e4a9d37ad0cc8293b69064cdb695671ca5dc26d"}, "forward_calls": 136, "tensor_batch_sequences": 136, "tensor_channel_sequences": 408, "elapsed_seconds": 26.262783285000012, "updated_utc": "2026-09-16T21:09:32.887398+00:00"}
{"completed_evaluations": 144, "assigned_evaluations": 1024, "last_identity": {"evaluation_index": 143, "input_sha256": "21c8e8f23b02320039d435efbe8d40341fb690bf7bbe3457a1f612baaa3e7a4e", "oi": 17, "origin": 725, "pi": 0, "pipeline": "joint_native3", "si": 7, "state": "clean_repeat", "target_sha256": "0c844d2312c1cfaa361b5597429943bafebeab873950c8f0cc47f0777e508910"}, "forward_calls": 144, "tensor_batch_sequences": 144, "tensor_channel_sequences": 432, "elapsed_seconds": 27.438068923999992, "updated_utc": "2026-09-16T21:09:34.062683+00:00"}
{"completed_evaluations": 152, "assigned_evaluations": 1024, "last_identity": {"evaluation_index": 151, "input_sha256": "3d672d9487f1b94cc3744d5d905e98104af6b3d02be4a021a3f2bf1bb391e77a", "oi": 18, "origin": 745, "pi": 0, "pipeline": "joint_native3", "si": 7, "state": "clean_repeat", "target_sha256": "e1b4e72e4a58f691058f1c9a94029333a5d80721542dd9f75b6df5c32bd29009"}, "forward_calls": 152, "tensor_batch_sequences": 152, "tensor_channel_sequences": 456, "elapsed_seconds": 28.61187151499999, "updated_utc": "2026-09-16T21:09:35.236487+00:00"}
{"completed_evaluations": 160, "assigned_evaluations": 1024, "last_identity": {"evaluation_index": 159, "input_sha256": "256e9084eb29e58e4a0c1ee3ef9e05d34b1c829c47e62af9d29e616ed3bde1ac", "oi": 19, "origin": 765, "pi": 0, "pipeline": "joint_native3", "si": 7, "state": "clean_repeat", "target_sha256": "b6e37fb39b1fa5a7fa109a5be92b7e6dd143f951d9e2cbbbf50bc2aae94803aa"}, "forward_calls": 160, "tensor_batch_sequences": 160, "tensor_channel_sequences": 480, "elapsed_seconds": 29.789033818999997, "updated_utc": "2026-09-16T21:09:36.413648+00:00"}
{"completed_evaluations": 168, "assigned_evaluations": 1024, "last_identity": {"evaluation_index": 167, "input_sha256": "230a30da95560b16b159737febf914c61700d1739f875427effacab52bd800d9", "oi": 20, "origin": 785, "pi": 0, "pipeline": "joint_native3", "si": 7, "state": "clean_repeat", "target_sha256": "f6f380184dc09d8854a0d10f200bcc31036c286aace27b642eadb96df3e92f0e"}, "forward_calls": 168, "tensor_batch_sequences": 168, "tensor_channel_sequences": 504, "elapsed_seconds": 30.967274884000005, "updated_utc": "2026-09-16T21:09:37.591889+00:00"}
{"completed_evaluations": 176, "assigned_evaluations": 1024, "last_identity": {"evaluation_index": 175, "input_sha256": "1d7879dbff9983369fc0907bd046997234cd6186c68d70326193e31daa51e77b", "oi": 21, "origin": 805, "pi": 0, "pipeline": "joint_native3", "si": 7, "state": "clean_repeat", "target_sha256": "09e17f7e5246a3b97255e966ddae11dd842bd0db9921ae26acfe95d9045267f5"}, "forward_calls": 176, "tensor_batch_sequences": 176, "tensor_channel_sequences": 528, "elapsed_seconds": 32.15109922299999, "updated_utc": "2026-09-16T21:09:38.775714+00:00"}
{"completed_evaluations": 184, "assigned_evaluations": 1024, "last_identity": {"evaluation_index": 183, "input_sha256": "3fc924f39898963d99b263adc3c6c6f09b49936c35693783950bfdd6ddcee236", "oi": 22, "origin": 825, "pi": 0, "pipeline": "joint_native3", "si": 7, "state": "clean_repeat", "target_sha256": "4f1bb6c3b0dfa431cf0a04ba08bec79a666ca89f17ea6e53d0dfecffecda6032"}, "forward_calls": 184, "tensor_batch_sequences": 184, "tensor_channel_sequences": 552, "elapsed_seconds": 33.32843020499999, "updated_utc": "2026-09-16T21:09:39.953045+00:00"}
{"completed_evaluations": 192, "assigned_evaluations": 1024, "last_identity": {"evaluation_index": 191, "input_sha256": "6488d698c1a27dce5c2c617e581d262c04fb4c1e28d71e7ea28da79a0b1d3f10", "oi": 23, "origin": 845, "pi": 0, "pipeline": "joint_native3", "si": 7, "state": "clean_repeat", "target_sha256": "6fcac3556ee4897272ddde663fb266da38b733c93ccf2e0e230e96f5a0387f31"}, "forward_calls": 192, "tensor_batch_sequences": 192, "tensor_channel_sequences": 576, "elapsed_seconds": 34.493950313, "updated_utc": "2026-09-16T21:09:41.118565+00:00"}
{"completed_evaluations": 200, "assigned_evaluations": 1024, "last_identity": {"evaluation_index": 199, "input_sha256": "d2e31525214d832faf90a92a40e9f7b2d525664972e49df7da8c0184d2234cbd", "oi": 24, "origin": 865, "pi": 0, "pipeline": "joint_native3", "si": 7, "state": "clean_repeat", "target_sha256": "0ee7d813bd6a050ff71ac4a3cdfdcb022fd00f2f252a13df86380d4857b655a3"}, "forward_calls": 200, "tensor_batch_sequences": 200, "tensor_channel_sequences": 600, "elapsed_seconds": 35.661325102000006, "updated_utc": "2026-09-16T21:09:42.285940+00:00"}
{"completed_evaluations": 208, "assigned_evaluations": 1024, "last_identity": {"evaluation_index": 207, "input_sha256": "c6930bfdc3b7325bee1c5b59f24b1148661a3f6fc5db72c3c114f8ddf12fc5f4", "oi": 25, "origin": 885, "pi": 0, "pipeline": "joint_native3", "si": 7, "state": "clean_repeat", "target_sha256": "babeb6144cadb8530c74cae77462ff8a979927966ffef8a805d11ce46e81b5bf"}, "forward_calls": 208, "tensor_batch_sequences": 208, "tensor_channel_sequences": 624, "elapsed_seconds": 36.830447030000016, "updated_utc": "2026-09-16T21:09:43.455062+00:00"}
{"completed_evaluations": 216, "assigned_evaluations": 1024, "last_identity": {"evaluation_index": 215, "input_sha256": "9c2b8568e74720f6fcec5e12a0f67b1b7942a0cf503f4a11d5c5ee14463b2e0e", "oi": 26, "origin": 905, "pi": 0, "pipeline": "joint_native3", "si": 7, "state": "clean_repeat", "target_sha256": "52f62055d1150e145809584695893e7808cccd3b01e08b9a54fc277ce5277a4d"}, "forward_calls": 216, "tensor_batch_sequences": 216, "tensor_channel_sequences": 648, "elapsed_seconds": 38.002508293999995, "updated_utc": "2026-09-16T21:09:44.627123+00:00"}
{"completed_evaluations": 224, "assigned_evaluations": 1024, "last_identity": {"evaluation_index": 223, "input_sha256": "0e3866144b36d5d4d2b1bd6e982a852e9c3c59535dc11f6e032d91c6d7e19b05", "oi": 27, "origin": 925, "pi": 0, "pipeline": "joint_native3", "si": 7, "state": "clean_repeat", "target_sha256": "4df90c0a60916ebe20623983356a076fb2398758f3aa51a20781404ae0f7f10d"}, "forward_calls": 224, "tensor_batch_sequences": 224, "tensor_channel_sequences": 672, "elapsed_seconds": 39.18054401200001, "updated_utc": "2026-09-16T21:09:45.805158+00:00"}
{"completed_evaluations": 232, "assigned_evaluations": 1024, "last_identity": {"evaluation_index": 231, "input_sha256": "10662c87f5aaab4719dfb04af2601c5dca26c1286583d2bc7b96e584fd4acc49", "oi": 28, "origin": 945, "pi": 0, "pipeline": "joint_native3", "si": 7, "state": "clean_repeat", "target_sha256": "174c7d396ef8415be9fb1a58ca9513cef225f56bc19eee70f5dff9d086f26b44"}, "forward_calls": 232, "tensor_batch_sequences": 232, "tensor_channel_sequences": 696, "elapsed_seconds": 40.356960404000006, "updated_utc": "2026-09-16T21:09:46.981575+00:00"}
{"completed_evaluations": 240, "assigned_evaluations": 1024, "last_identity": {"evaluation_index": 239, "input_sha256": "610db8d7910070ea68fa0f7b528b2de1ed1a674f12dd39f76b35c51e1e7b92a2", "oi": 29, "origin": 965, "pi": 0, "pipeline": "joint_native3", "si": 7, "state": "clean_repeat", "target_sha256": "b0c25a60a118b799c5ae4fe5b72337ee65cbe7f1b85becdfd099e81a9e35ee11"}, "forward_calls": 240, "tensor_batch_sequences": 240, "tensor_channel_sequences": 720, "elapsed_seconds": 41.53582474999999, "updated_utc": "2026-09-16T21:09:48.160439+00:00"}
{"completed_evaluations": 248, "assigned_evaluations": 1024, "last_identity": {"evaluation_index": 247, "input_sha256": "92d8b8c2993be87b2d1d631cc42d640aa51ee076448e9bce5a606577a94883a7", "oi": 30, "origin": 985, "pi": 0, "pipeline": "joint_native3", "si": 7, "state": "clean_repeat", "target_sha256": "dcd6ce193a8c38b894c8123a3729b78ca5dcd96459337c4ce40fe1d8e86d0f8a"}, "forward_calls": 248, "tensor_batch_sequences": 248, "tensor_channel_sequences": 744, "elapsed_seconds": 42.70485054599999, "updated_utc": "2026-09-16T21:09:49.329465+00:00"}
{"completed_evaluations": 256, "assigned_evaluations": 1024, "last_identity": {"evaluation_index": 255, "input_sha256": "94d9dbc13ec269831be144626e01ded0d9587d9ea2d81e9925f731e403a5d89a", "oi": 31, "origin": 1006, "pi": 0, "pipeline": "joint_native3", "si": 7, "state": "clean_repeat", "target_sha256": "8dba21881148f607661c7c04c17cdcca0017584395442b44ec0f677f7c56725d"}, "forward_calls": 256, "tensor_batch_sequences": 256, "tensor_channel_sequences": 768, "elapsed_seconds": 43.875431077, "updated_utc": "2026-09-16T21:09:50.500046+00:00"}
{"completed_evaluations": 264, "assigned_evaluations": 1024, "last_identity": {"evaluation_index": 263, "input_sha256": "7a0e43cdaa9317175bd9dce68c367f99425f2ee2b1f1f8ee779644752ab6af5e", "oi": 0, "origin": 384, "pi": 1, "pipeline": "independent_native3", "si": 7, "state": "clean_repeat", "target_sha256": "d0e8f233c4f82cdcd6f3707aaff82546ce070f0f1a50a4d4855d78e7b953063b"}, "forward_calls": 280, "tensor_batch_sequences": 280, "tensor_channel_sequences": 792, "elapsed_seconds": 46.594930033, "updated_utc": "2026-09-16T21:09:53.219545+00:00"}
{"completed_evaluations": 272, "assigned_evaluations": 1024, "last_identity": {"evaluation_index": 271, "input_sha256": "8e32acc289b3292d68866c4ff922ab3d7d10459ecb1349e867d9755a0a085968", "oi": 1, "origin": 404, "pi": 1, "pipeline": "independent_native3", "si": 7, "state": "clean_repeat", "target_sha256": "36b834b556eaaee45b2c11f5785deb3ad66b5be2f2f7f456e2eb8d89919573ca"}, "forward_calls": 304, "tensor_batch_sequences": 304, "tensor_channel_sequences": 816, "elapsed_seconds": 49.30850684000001, "updated_utc": "2026-09-16T21:09:55.933122+00:00"}
{"completed_evaluations": 280, "assigned_evaluations": 1024, "last_identity": {"evaluation_index": 279, "input_sha256": "7396b4e55297d1969d30f747c1f071cd0b2982657f22a11fbefb48e44e9a0c11", "oi": 2, "origin": 424, "pi": 1, "pipeline": "independent_native3", "si": 7, "state": "clean_repeat", "target_sha256": "3bc3647ed82250594db512a1c3d769789a6a442d86f6e9fc597622255fc5a415"}, "forward_calls": 328, "tensor_batch_sequences": 328, "tensor_channel_sequences": 840, "elapsed_seconds": 52.020949701999996, "updated_utc": "2026-09-16T21:09:58.645564+00:00"}
{"completed_evaluations": 288, "assigned_evaluations": 1024, "last_identity": {"evaluation_index": 287, "input_sha256": "6e0ae564f2bd15b6b3072b5bba1dd817f18433caa8b46bcb39a877bf1b7f22ab", "oi": 3, "origin": 444, "pi": 1, "pipeline": "independent_native3", "si": 7, "state": "clean_repeat", "target_sha256": "8b152dba83611064520b85cd83fb2aee218513279ae7188c0804ac98194d14ab"}, "forward_calls": 352, "tensor_batch_sequences": 352, "tensor_channel_sequences": 864, "elapsed_seconds": 54.74329611600001, "updated_utc": "2026-09-16T21:10:01.367911+00:00"}
{"completed_evaluations": 296, "assigned_evaluations": 1024, "last_identity": {"evaluation_index": 295, "input_sha256": "ec675b807c65a1571035ee763424f135a4b73ebff70c9a6a23d2987a04763b92", "oi": 4, "origin": 464, "pi": 1, "pipeline": "independent_native3", "si": 7, "state": "clean_repeat", "target_sha256": "5730d76667db855f5f7153f2105d4b43b066d97a1aff204fe3331ebc6d25c725"}, "forward_calls": 376, "tensor_batch_sequences": 376, "tensor_channel_sequences": 888, "elapsed_seconds": 57.469478686, "updated_utc": "2026-09-16T21:10:04.094094+00:00"}
{"completed_evaluations": 304, "assigned_evaluations": 1024, "last_identity": {"evaluation_index": 303, "input_sha256": "6a6a1793acfa5164133cfdbfb21ca4e524388a3272cf10fd8a3a0a9802415455", "oi": 5, "origin": 484, "pi": 1, "pipeline": "independent_native3", "si": 7, "state": "clean_repeat", "target_sha256": "2ccfb25f6e5d2bc39a98776df4a70dd2c83fd8133b8e2bc318d9a2ca0684958a"}, "forward_calls": 400, "tensor_batch_sequences": 400, "tensor_channel_sequences": 912, "elapsed_seconds": 60.190306616000015, "updated_utc": "2026-09-16T21:10:06.814921+00:00"}
{"completed_evaluations": 312, "assigned_evaluations": 1024, "last_identity": {"evaluation_index": 311, "input_sha256": "502b2377cdcaaaed332971b1a67a9b75232bc2f33a3842d4a8380f3f82d4a62d", "oi": 6, "origin": 504, "pi": 1, "pipeline": "independent_native3", "si": 7, "state": "clean_repeat", "target_sha256": "85afb87de5f911484d840a0214c1208321c8fd1ce437a5f38db3d2a71dbde9a1"}, "forward_calls": 424, "tensor_batch_sequences": 424, "tensor_channel_sequences": 936, "elapsed_seconds": 62.901728065000015, "updated_utc": "2026-09-16T21:10:09.526343+00:00"}
{"completed_evaluations": 320, "assigned_evaluations": 1024, "last_identity": {"evaluation_index": 319, "input_sha256": "935223db7d302507e5e726ed685383d4002fcf505662af1e1c9c5a8c0775697e", "oi": 7, "origin": 524, "pi": 1, "pipeline": "independent_native3", "si": 7, "state": "clean_repeat", "target_sha256": "2024ae21aa4b6adeb95a0e9252b307e4943d0a14fe14ef1c09cdc0767618c08c"}, "forward_calls": 448, "tensor_batch_sequences": 448, "tensor_channel_sequences": 960, "elapsed_seconds": 65.62000142100001, "updated_utc": "2026-09-16T21:10:12.244616+00:00"}
{"completed_evaluations": 328, "assigned_evaluations": 1024, "last_identity": {"evaluation_index": 327, "input_sha256": "f883983ab40422e20104271c0f1d95a21d51e175e5636636c0f9c53a8aaf79f7", "oi": 8, "origin": 544, "pi": 1, "pipeline": "independent_native3", "si": 7, "state": "clean_repeat", "target_sha256": "d352f966b4d7487281b040b1d8e21f7168684d3109f9fdc7cf19ca126705f2d1"}, "forward_calls": 472, "tensor_batch_sequences": 472, "tensor_channel_sequences": 984, "elapsed_seconds": 68.34127419200001, "updated_utc": "2026-09-16T21:10:14.965889+00:00"}
{"completed_evaluations": 336, "assigned_evaluations": 1024, "last_identity": {"evaluation_index": 335, "input_sha256": "304f36c1ab8f25967caeb6662406db247927a3457f4c9b5f5341e14e7f59bb0c", "oi": 9, "origin": 564, "pi": 1, "pipeline": "independent_native3", "si": 7, "state": "clean_repeat", "target_sha256": "748aab076f207285d9f36a833b7518ef679475ff0b2a1cc1649ec3a429d833e7"}, "forward_calls": 496, "tensor_batch_sequences": 496, "tensor_channel_sequences": 1008, "elapsed_seconds": 71.06543260000001, "updated_utc": "2026-09-16T21:10:17.690047+00:00"}
{"completed_evaluations": 344, "assigned_evaluations": 1024, "last_identity": {"evaluation_index": 343, "input_sha256": "4814adc6c421547a62c07ddef2edec5e559a20d87433bf5e485d59877c7b175d", "oi": 10, "origin": 584, "pi": 1, "pipeline": "independent_native3", "si": 7, "state": "clean_repeat", "target_sha256": "bfa0ea1b52dcf24814df5058604bc6b8b8be34a0a907600eb7adef61e522d321"}, "forward_calls": 520, "tensor_batch_sequences": 520, "tensor_channel_sequences": 1032, "elapsed_seconds": 73.78222437, "updated_utc": "2026-09-16T21:10:20.406839+00:00"}
{"completed_evaluations": 352, "assigned_evaluations": 1024, "last_identity": {"evaluation_index": 351, "input_sha256": "01b4968348b860522e21c7ed4cb36fbbc7ff82d6a6524a768826b288c7db5ae0", "oi": 11, "origin": 604, "pi": 1, "pipeline": "independent_native3", "si": 7, "state": "clean_repeat", "target_sha256": "02004dedfe04b72313761d7d4a6671babf1769aa3489ac17fa0eed3ddadcbf2a"}, "forward_calls": 544, "tensor_batch_sequences": 544, "tensor_channel_sequences": 1056, "elapsed_seconds": 76.4926017, "updated_utc": "2026-09-16T21:10:23.117216+00:00"}
{"completed_evaluations": 360, "assigned_evaluations": 1024, "last_identity": {"evaluation_index": 359, "input_sha256": "8748ccdb3e6b06ca0f345d53404a398894ddebe1845f77d5a20c131cd699db0d", "oi": 12, "origin": 624, "pi": 1, "pipeline": "independent_native3", "si": 7, "state": "clean_repeat", "target_sha256": "6b3be00e2d44ad10adf1aefb7502a1cd9bf8370b1358e428e07accf34656522c"}, "forward_calls": 568, "tensor_batch_sequences": 568, "tensor_channel_sequences": 1080, "elapsed_seconds": 79.20123965100001, "updated_utc": "2026-09-16T21:10:25.825854+00:00"}
{"completed_evaluations": 368, "assigned_evaluations": 1024, "last_identity": {"evaluation_index": 367, "input_sha256": "d826c1ce1d414d3de2af8c9854cecfdacfde8b843afd2d23ff92d51d708a4e3a", "oi": 13, "origin": 644, "pi": 1, "pipeline": "independent_native3", "si": 7, "state": "clean_repeat", "target_sha256": "0aad954522629161c1120f2c81730e745f8e718dd9e27f17364a6dc7b6bb13be"}, "forward_calls": 592, "tensor_batch_sequences": 592, "tensor_channel_sequences": 1104, "elapsed_seconds": 81.90864354300001, "updated_utc": "2026-09-16T21:10:28.533258+00:00"}
{"completed_evaluations": 376, "assigned_evaluations": 1024, "last_identity": {"evaluation_index": 375, "input_sha256": "84fe650d57f1cf67526527b93a837849c5f0c8bfa0051835a7ed3685a531818c", "oi": 14, "origin": 664, "pi": 1, "pipeline": "independent_native3", "si": 7, "state": "clean_repeat", "target_sha256": "672c0f005471eab72e267dadc71efecbf6bbd24cfc8f5212e868f44ad0c2f402"}, "forward_calls": 616, "tensor_batch_sequences": 616, "tensor_channel_sequences": 1128, "elapsed_seconds": 84.608084693, "updated_utc": "2026-09-16T21:10:31.232699+00:00"}
{"completed_evaluations": 384, "assigned_evaluations": 1024, "last_identity": {"evaluation_index": 383, "input_sha256": "fb7b650a8107ed5e7e0bc15d41ef21975fb2b95d087a8adb35f3fa19d5a8f437", "oi": 15, "origin": 684, "pi": 1, "pipeline": "independent_native3", "si": 7, "state": "clean_repeat", "target_sha256": "447ed9a888d0b6bc9bc4df914ff4c78d5af91ea5b65b73429b2989293446ccf9"}, "forward_calls": 640, "tensor_batch_sequences": 640, "tensor_channel_sequences": 1152, "elapsed_seconds": 87.335401835, "updated_utc": "2026-09-16T21:10:33.960016+00:00"}
{"completed_evaluations": 392, "assigned_evaluations": 1024, "last_identity": {"evaluation_index": 391, "input_sha256": "b93889dff795596a22cb8ff6b1fe7963802042975fb4e4055fd5c8631371131f", "oi": 16, "origin": 705, "pi": 1, "pipeline": "independent_native3", "si": 7, "state": "clean_repeat", "target_sha256": "11afe40ed21a8256c9ca39bf2e4a9d37ad0cc8293b69064cdb695671ca5dc26d"}, "forward_calls": 664, "tensor_batch_sequences": 664, "tensor_channel_sequences": 1176, "elapsed_seconds": 90.07408927400002, "updated_utc": "2026-09-16T21:10:36.698704+00:00"}
{"completed_evaluations": 400, "assigned_evaluations": 1024, "last_identity": {"evaluation_index": 399, "input_sha256": "21c8e8f23b02320039d435efbe8d40341fb690bf7bbe3457a1f612baaa3e7a4e", "oi": 17, "origin": 725, "pi": 1, "pipeline": "independent_native3", "si": 7, "state": "clean_repeat", "target_sha256": "0c844d2312c1cfaa361b5597429943bafebeab873950c8f0cc47f0777e508910"}, "forward_calls": 688, "tensor_batch_sequences": 688, "tensor_channel_sequences": 1200, "elapsed_seconds": 92.79897555100001, "updated_utc": "2026-09-16T21:10:39.423590+00:00"}
{"completed_evaluations": 408, "assigned_evaluations": 1024, "last_identity": {"evaluation_index": 407, "input_sha256": "3d672d9487f1b94cc3744d5d905e98104af6b3d02be4a021a3f2bf1bb391e77a", "oi": 18, "origin": 745, "pi": 1, "pipeline": "independent_native3", "si": 7, "state": "clean_repeat", "target_sha256": "e1b4e72e4a58f691058f1c9a94029333a5d80721542dd9f75b6df5c32bd29009"}, "forward_calls": 712, "tensor_batch_sequences": 712, "tensor_channel_sequences": 1224, "elapsed_seconds": 95.53366614000001, "updated_utc": "2026-09-16T21:10:42.158281+00:00"}
{"completed_evaluations": 416, "assigned_evaluations": 1024, "last_identity": {"evaluation_index": 415, "input_sha256": "256e9084eb29e58e4a0c1ee3ef9e05d34b1c829c47e62af9d29e616ed3bde1ac", "oi": 19, "origin": 765, "pi": 1, "pipeline": "independent_native3", "si": 7, "state": "clean_repeat", "target_sha256": "b6e37fb39b1fa5a7fa109a5be92b7e6dd143f951d9e2cbbbf50bc2aae94803aa"}, "forward_calls": 736, "tensor_batch_sequences": 736, "tensor_channel_sequences": 1248, "elapsed_seconds": 98.26395922700002, "updated_utc": "2026-09-16T21:10:44.888574+00:00"}
{"completed_evaluations": 424, "assigned_evaluations": 1024, "last_identity": {"evaluation_index": 423, "input_sha256": "230a30da95560b16b159737febf914c61700d1739f875427effacab52bd800d9", "oi": 20, "origin": 785, "pi": 1, "pipeline": "independent_native3", "si": 7, "state": "clean_repeat", "target_sha256": "f6f380184dc09d8854a0d10f200bcc31036c286aace27b642eadb96df3e92f0e"}, "forward_calls": 760, "tensor_batch_sequences": 760, "tensor_channel_sequences": 1272, "elapsed_seconds": 101.003662424, "updated_utc": "2026-09-16T21:10:47.628277+00:00"}
{"completed_evaluations": 432, "assigned_evaluations": 1024, "last_identity": {"evaluation_index": 431, "input_sha256": "1d7879dbff9983369fc0907bd046997234cd6186c68d70326193e31daa51e77b", "oi": 21, "origin": 805, "pi": 1, "pipeline": "independent_native3", "si": 7, "state": "clean_repeat", "target_sha256": "09e17f7e5246a3b97255e966ddae11dd842bd0db9921ae26acfe95d9045267f5"}, "forward_calls": 784, "tensor_batch_sequences": 784, "tensor_channel_sequences": 1296, "elapsed_seconds": 103.744294042, "updated_utc": "2026-09-16T21:10:50.368909+00:00"}
{"completed_evaluations": 440, "assigned_evaluations": 1024, "last_identity": {"evaluation_index": 439, "input_sha256": "3fc924f39898963d99b263adc3c6c6f09b49936c35693783950bfdd6ddcee236", "oi": 22, "origin": 825, "pi": 1, "pipeline": "independent_native3", "si": 7, "state": "clean_repeat", "target_sha256": "4f1bb6c3b0dfa431cf0a04ba08bec79a666ca89f17ea6e53d0dfecffecda6032"}, "forward_calls": 808, "tensor_batch_sequences": 808, "tensor_channel_sequences": 1320, "elapsed_seconds": 106.480471698, "updated_utc": "2026-09-16T21:10:53.105086+00:00"}
{"completed_evaluations": 448, "assigned_evaluations": 1024, "last_identity": {"evaluation_index": 447, "input_sha256": "6488d698c1a27dce5c2c617e581d262c04fb4c1e28d71e7ea28da79a0b1d3f10", "oi": 23, "origin": 845, "pi": 1, "pipeline": "independent_native3", "si": 7, "state": "clean_repeat", "target_sha256": "6fcac3556ee4897272ddde663fb266da38b733c93ccf2e0e230e96f5a0387f31"}, "forward_calls": 832, "tensor_batch_sequences": 832, "tensor_channel_sequences": 1344, "elapsed_seconds": 109.215889317, "updated_utc": "2026-09-16T21:10:55.840504+00:00"}
{"completed_evaluations": 456, "assigned_evaluations": 1024, "last_identity": {"evaluation_index": 455, "input_sha256": "d2e31525214d832faf90a92a40e9f7b2d525664972e49df7da8c0184d2234cbd", "oi": 24, "origin": 865, "pi": 1, "pipeline": "independent_native3", "si": 7, "state": "clean_repeat", "target_sha256": "0ee7d813bd6a050ff71ac4a3cdfdcb022fd00f2f252a13df86380d4857b655a3"}, "forward_calls": 856, "tensor_batch_sequences": 856, "tensor_channel_sequences": 1368, "elapsed_seconds": 111.95268798699999, "updated_utc": "2026-09-16T21:10:58.577303+00:00"}
{"completed_evaluations": 464, "assigned_evaluations": 1024, "last_identity": {"evaluation_index": 463, "input_sha256": "c6930bfdc3b7325bee1c5b59f24b1148661a3f6fc5db72c3c114f8ddf12fc5f4", "oi": 25, "origin": 885, "pi": 1, "pipeline": "independent_native3", "si": 7, "state": "clean_repeat", "target_sha256": "babeb6144cadb8530c74cae77462ff8a979927966ffef8a805d11ce46e81b5bf"}, "forward_calls": 880, "tensor_batch_sequences": 880, "tensor_channel_sequences": 1392, "elapsed_seconds": 114.67644150800001, "updated_utc": "2026-09-16T21:11:01.301056+00:00"}
{"completed_evaluations": 472, "assigned_evaluations": 1024, "last_identity": {"evaluation_index": 471, "input_sha256": "9c2b8568e74720f6fcec5e12a0f67b1b7942a0cf503f4a11d5c5ee14463b2e0e", "oi": 26, "origin": 905, "pi": 1, "pipeline": "independent_native3", "si": 7, "state": "clean_repeat", "target_sha256": "52f62055d1150e145809584695893e7808cccd3b01e08b9a54fc277ce5277a4d"}, "forward_calls": 904, "tensor_batch_sequences": 904, "tensor_channel_sequences": 1416, "elapsed_seconds": 117.409595344, "updated_utc": "2026-09-16T21:11:04.034210+00:00"}
{"completed_evaluations": 480, "assigned_evaluations": 1024, "last_identity": {"evaluation_index": 479, "input_sha256": "0e3866144b36d5d4d2b1bd6e982a852e9c3c59535dc11f6e032d91c6d7e19b05", "oi": 27, "origin": 925, "pi": 1, "pipeline": "independent_native3", "si": 7, "state": "clean_repeat", "target_sha256": "4df90c0a60916ebe20623983356a076fb2398758f3aa51a20781404ae0f7f10d"}, "forward_calls": 928, "tensor_batch_sequences": 928, "tensor_channel_sequences": 1440, "elapsed_seconds": 120.13223227399999, "updated_utc": "2026-09-16T21:11:06.756847+00:00"}
{"completed_evaluations": 488, "assigned_evaluations": 1024, "last_identity": {"evaluation_index": 487, "input_sha256": "10662c87f5aaab4719dfb04af2601c5dca26c1286583d2bc7b96e584fd4acc49", "oi": 28, "origin": 945, "pi": 1, "pipeline": "independent_native3", "si": 7, "state": "clean_repeat", "target_sha256": "174c7d396ef8415be9fb1a58ca9513cef225f56bc19eee70f5dff9d086f26b44"}, "forward_calls": 952, "tensor_batch_sequences": 952, "tensor_channel_sequences": 1464, "elapsed_seconds": 122.86236664200001, "updated_utc": "2026-09-16T21:11:09.486981+00:00"}
{"completed_evaluations": 496, "assigned_evaluations": 1024, "last_identity": {"evaluation_index": 495, "input_sha256": "610db8d7910070ea68fa0f7b528b2de1ed1a674f12dd39f76b35c51e1e7b92a2", "oi": 29, "origin": 965, "pi": 1, "pipeline": "independent_native3", "si": 7, "state": "clean_repeat", "target_sha256": "b0c25a60a118b799c5ae4fe5b72337ee65cbe7f1b85becdfd099e81a9e35ee11"}, "forward_calls": 976, "tensor_batch_sequences": 976, "tensor_channel_sequences": 1488, "elapsed_seconds": 125.60408547099999, "updated_utc": "2026-09-16T21:11:12.228700+00:00"}
{"completed_evaluations": 504, "assigned_evaluations": 1024, "last_identity": {"evaluation_index": 503, "input_sha256": "92d8b8c2993be87b2d1d631cc42d640aa51ee076448e9bce5a606577a94883a7", "oi": 30, "origin": 985, "pi": 1, "pipeline": "independent_native3", "si": 7, "state": "clean_repeat", "target_sha256": "dcd6ce193a8c38b894c8123a3729b78ca5dcd96459337c4ce40fe1d8e86d0f8a"}, "forward_calls": 1000, "tensor_batch_sequences": 1000, "tensor_channel_sequences": 1512, "elapsed_seconds": 128.327529969, "updated_utc": "2026-09-16T21:11:14.952145+00:00"}
{"completed_evaluations": 512, "assigned_evaluations": 1024, "last_identity": {"evaluation_index": 511, "input_sha256": "94d9dbc13ec269831be144626e01ded0d9587d9ea2d81e9925f731e403a5d89a", "oi": 31, "origin": 1006, "pi": 1, "pipeline": "independent_native3", "si": 7, "state": "clean_repeat", "target_sha256": "8dba21881148f607661c7c04c17cdcca0017584395442b44ec0f677f7c56725d"}, "forward_calls": 1024, "tensor_batch_sequences": 1024, "tensor_channel_sequences": 1536, "elapsed_seconds": 131.066202792, "updated_utc": "2026-09-16T21:11:17.690817+00:00"}
{"completed_evaluations": 520, "assigned_evaluations": 1024, "last_identity": {"evaluation_index": 519, "input_sha256": "1477fc69c59d7e83c7fa53b7a8da9ac93ef53f3c1a0a35d6cac9395fef30be8a", "oi": 0, "origin": 384, "pi": 2, "pipeline": "joint_channel0_clip_minus3_plus3", "si": 7, "state": "clean_repeat", "target_sha256": "d0e8f233c4f82cdcd6f3707aaff82546ce070f0f1a50a4d4855d78e7b953063b"}, "forward_calls": 1032, "tensor_batch_sequences": 1032, "tensor_channel_sequences": 1560, "elapsed_seconds": 132.245166671, "updated_utc": "2026-09-16T21:11:18.869781+00:00"}
{"completed_evaluations": 528, "assigned_evaluations": 1024, "last_identity": {"evaluation_index": 527, "input_sha256": "4a21cbbc986b6068db96b4ef04978009d70513a169e6c642a11f2b2c0e9b8280", "oi": 1, "origin": 404, "pi": 2, "pipeline": "joint_channel0_clip_minus3_plus3", "si": 7, "state": "clean_repeat", "target_sha256": "36b834b556eaaee45b2c11f5785deb3ad66b5be2f2f7f456e2eb8d89919573ca"}, "forward_calls": 1040, "tensor_batch_sequences": 1040, "tensor_channel_sequences": 1584, "elapsed_seconds": 133.426129915, "updated_utc": "2026-09-16T21:11:20.050744+00:00"}
{"completed_evaluations": 536, "assigned_evaluations": 1024, "last_identity": {"evaluation_index": 535, "input_sha256": "1f29e1b5474b951a12ff17e14727b9a39ae8352930fcf60b8a6954a8c5a9edf3", "oi": 2, "origin": 424, "pi": 2, "pipeline": "joint_channel0_clip_minus3_plus3", "si": 7, "state": "clean_repeat", "target_sha256": "3bc3647ed82250594db512a1c3d769789a6a442d86f6e9fc597622255fc5a415"}, "forward_calls": 1048, "tensor_batch_sequences": 1048, "tensor_channel_sequences": 1608, "elapsed_seconds": 134.613958384, "updated_utc": "2026-09-16T21:11:21.238573+00:00"}
{"completed_evaluations": 544, "assigned_evaluations": 1024, "last_identity": {"evaluation_index": 543, "input_sha256": "a0a6fcad6a6b541c1d5681391c8fbd375cd26ecc6d8381f9b2f56cd08bf04d69", "oi": 3, "origin": 444, "pi": 2, "pipeline": "joint_channel0_clip_minus3_plus3", "si": 7, "state": "clean_repeat", "target_sha256": "8b152dba83611064520b85cd83fb2aee218513279ae7188c0804ac98194d14ab"}, "forward_calls": 1056, "tensor_batch_sequences": 1056, "tensor_channel_sequences": 1632, "elapsed_seconds": 135.787451341, "updated_utc": "2026-09-16T21:11:22.412066+00:00"}
{"completed_evaluations": 552, "assigned_evaluations": 1024, "last_identity": {"evaluation_index": 551, "input_sha256": "ff406799cda8c7048513bc3f8b3aa9661e9c4ec526198d662f7f97e0d9fd23d7", "oi": 4, "origin": 464, "pi": 2, "pipeline": "joint_channel0_clip_minus3_plus3", "si": 7, "state": "clean_repeat", "target_sha256": "5730d76667db855f5f7153f2105d4b43b066d97a1aff204fe3331ebc6d25c725"}, "forward_calls": 1064, "tensor_batch_sequences": 1064, "tensor_channel_sequences": 1656, "elapsed_seconds": 136.96110671000002, "updated_utc": "2026-09-16T21:11:23.585721+00:00"}
{"completed_evaluations": 560, "assigned_evaluations": 1024, "last_identity": {"evaluation_index": 559, "input_sha256": "6a6a1793acfa5164133cfdbfb21ca4e524388a3272cf10fd8a3a0a9802415455", "oi": 5, "origin": 484, "pi": 2, "pipeline": "joint_channel0_clip_minus3_plus3", "si": 7, "state": "clean_repeat", "target_sha256": "2ccfb25f6e5d2bc39a98776df4a70dd2c83fd8133b8e2bc318d9a2ca0684958a"}, "forward_calls": 1072, "tensor_batch_sequences": 1072, "tensor_channel_sequences": 1680, "elapsed_seconds": 138.15139520500003, "updated_utc": "2026-09-16T21:11:24.776010+00:00"}
{"completed_evaluations": 568, "assigned_evaluations": 1024, "last_identity": {"evaluation_index": 567, "input_sha256": "502b2377cdcaaaed332971b1a67a9b75232bc2f33a3842d4a8380f3f82d4a62d", "oi": 6, "origin": 504, "pi": 2, "pipeline": "joint_channel0_clip_minus3_plus3", "si": 7, "state": "clean_repeat", "target_sha256": "85afb87de5f911484d840a0214c1208321c8fd1ce437a5f38db3d2a71dbde9a1"}, "forward_calls": 1080, "tensor_batch_sequences": 1080, "tensor_channel_sequences": 1704, "elapsed_seconds": 139.338749973, "updated_utc": "2026-09-16T21:11:25.963364+00:00"}
{"completed_evaluations": 576, "assigned_evaluations": 1024, "last_identity": {"evaluation_index": 575, "input_sha256": "53e0e3991385b52ca0e7908857c6a2e25061857c451dafca3d894e2ea897e8a7", "oi": 7, "origin": 524, "pi": 2, "pipeline": "joint_channel0_clip_minus3_plus3", "si": 7, "state": "clean_repeat", "target_sha256": "2024ae21aa4b6adeb95a0e9252b307e4943d0a14fe14ef1c09cdc0767618c08c"}, "forward_calls": 1088, "tensor_batch_sequences": 1088, "tensor_channel_sequences": 1728, "elapsed_seconds": 140.532656389, "updated_utc": "2026-09-16T21:11:27.157271+00:00"}
{"completed_evaluations": 584, "assigned_evaluations": 1024, "last_identity": {"evaluation_index": 583, "input_sha256": "ff23deb321376d14b45acb4f5929a381afb9a256c558fe4c4b44c96602764c03", "oi": 8, "origin": 544, "pi": 2, "pipeline": "joint_channel0_clip_minus3_plus3", "si": 7, "state": "clean_repeat", "target_sha256": "d352f966b4d7487281b040b1d8e21f7168684d3109f9fdc7cf19ca126705f2d1"}, "forward_calls": 1096, "tensor_batch_sequences": 1096, "tensor_channel_sequences": 1752, "elapsed_seconds": 141.72678609000002, "updated_utc": "2026-09-16T21:11:28.351401+00:00"}
{"completed_evaluations": 592, "assigned_evaluations": 1024, "last_identity": {"evaluation_index": 591, "input_sha256": "e7e22ddd0ef5b15d0aae891fd66402553fa5dfb03c59aa878e185e84527f2f95", "oi": 9, "origin": 564, "pi": 2, "pipeline": "joint_channel0_clip_minus3_plus3", "si": 7, "state": "clean_repeat", "target_sha256": "748aab076f207285d9f36a833b7518ef679475ff0b2a1cc1649ec3a429d833e7"}, "forward_calls": 1104, "tensor_batch_sequences": 1104, "tensor_channel_sequences": 1776, "elapsed_seconds": 142.918835914, "updated_utc": "2026-09-16T21:11:29.543450+00:00"}
{"completed_evaluations": 600, "assigned_evaluations": 1024, "last_identity": {"evaluation_index": 599, "input_sha256": "0204adec885d03fafd50a789c67a90df6db428905f760731e5cb60e194a7bfb1", "oi": 10, "origin": 584, "pi": 2, "pipeline": "joint_channel0_clip_minus3_plus3", "si": 7, "state": "clean_repeat", "target_sha256": "bfa0ea1b52dcf24814df5058604bc6b8b8be34a0a907600eb7adef61e522d321"}, "forward_calls": 1112, "tensor_batch_sequences": 1112, "tensor_channel_sequences": 1800, "elapsed_seconds": 144.10943323499998, "updated_utc": "2026-09-16T21:11:30.734048+00:00"}
{"completed_evaluations": 608, "assigned_evaluations": 1024, "last_identity": {"evaluation_index": 607, "input_sha256": "1c2638de7faa1fcaaa47a57fa140fe25414588b7f367d25606311c98deb83273", "oi": 11, "origin": 604, "pi": 2, "pipeline": "joint_channel0_clip_minus3_plus3", "si": 7, "state": "clean_repeat", "target_sha256": "02004dedfe04b72313761d7d4a6671babf1769aa3489ac17fa0eed3ddadcbf2a"}, "forward_calls": 1120, "tensor_batch_sequences": 1120, "tensor_channel_sequences": 1824, "elapsed_seconds": 145.294239666, "updated_utc": "2026-09-16T21:11:31.918854+00:00"}
{"completed_evaluations": 616, "assigned_evaluations": 1024, "last_identity": {"evaluation_index": 615, "input_sha256": "d04a00905e92d6fd22ac0940124a4d1f7cce60f54b57d624ad7e4340821d4a06", "oi": 12, "origin": 624, "pi": 2, "pipeline": "joint_channel0_clip_minus3_plus3", "si": 7, "state": "clean_repeat", "target_sha256": "6b3be00e2d44ad10adf1aefb7502a1cd9bf8370b1358e428e07accf34656522c"}, "forward_calls": 1128, "tensor_batch_sequences": 1128, "tensor_channel_sequences": 1848, "elapsed_seconds": 146.48668546800002, "updated_utc": "2026-09-16T21:11:33.111300+00:00"}
{"completed_evaluations": 624, "assigned_evaluations": 1024, "last_identity": {"evaluation_index": 623, "input_sha256": "a4e1b6adf09dd0929054573b09ac7c2ba3506ae0c3fc0de5cc08da0ec52a4515", "oi": 13, "origin": 644, "pi": 2, "pipeline": "joint_channel0_clip_minus3_plus3", "si": 7, "state": "clean_repeat", "target_sha256": "0aad954522629161c1120f2c81730e745f8e718dd9e27f17364a6dc7b6bb13be"}, "forward_calls": 1136, "tensor_batch_sequences": 1136, "tensor_channel_sequences": 1872, "elapsed_seconds": 147.677667852, "updated_utc": "2026-09-16T21:11:34.302282+00:00"}
{"completed_evaluations": 632, "assigned_evaluations": 1024, "last_identity": {"evaluation_index": 631, "input_sha256": "84fe650d57f1cf67526527b93a837849c5f0c8bfa0051835a7ed3685a531818c", "oi": 14, "origin": 664, "pi": 2, "pipeline": "joint_channel0_clip_minus3_plus3", "si": 7, "state": "clean_repeat", "target_sha256": "672c0f005471eab72e267dadc71efecbf6bbd24cfc8f5212e868f44ad0c2f402"}, "forward_calls": 1144, "tensor_batch_sequences": 1144, "tensor_channel_sequences": 1896, "elapsed_seconds": 148.865920594, "updated_utc": "2026-09-16T21:11:35.490535+00:00"}
{"completed_evaluations": 640, "assigned_evaluations": 1024, "last_identity": {"evaluation_index": 639, "input_sha256": "fb7b650a8107ed5e7e0bc15d41ef21975fb2b95d087a8adb35f3fa19d5a8f437", "oi": 15, "origin": 684, "pi": 2, "pipeline": "joint_channel0_clip_minus3_plus3", "si": 7, "state": "clean_repeat", "target_sha256": "447ed9a888d0b6bc9bc4df914ff4c78d5af91ea5b65b73429b2989293446ccf9"}, "forward_calls": 1152, "tensor_batch_sequences": 1152, "tensor_channel_sequences": 1920, "elapsed_seconds": 150.06073170399998, "updated_utc": "2026-09-16T21:11:36.685346+00:00"}
{"completed_evaluations": 648, "assigned_evaluations": 1024, "last_identity": {"evaluation_index": 647, "input_sha256": "b93889dff795596a22cb8ff6b1fe7963802042975fb4e4055fd5c8631371131f", "oi": 16, "origin": 705, "pi": 2, "pipeline": "joint_channel0_clip_minus3_plus3", "si": 7, "state": "clean_repeat", "target_sha256": "11afe40ed21a8256c9ca39bf2e4a9d37ad0cc8293b69064cdb695671ca5dc26d"}, "forward_calls": 1160, "tensor_batch_sequences": 1160, "tensor_channel_sequences": 1944, "elapsed_seconds": 151.25208414600002, "updated_utc": "2026-09-16T21:11:37.876699+00:00"}
{"completed_evaluations": 656, "assigned_evaluations": 1024, "last_identity": {"evaluation_index": 655, "input_sha256": "21c8e8f23b02320039d435efbe8d40341fb690bf7bbe3457a1f612baaa3e7a4e", "oi": 17, "origin": 725, "pi": 2, "pipeline": "joint_channel0_clip_minus3_plus3", "si": 7, "state": "clean_repeat", "target_sha256": "0c844d2312c1cfaa361b5597429943bafebeab873950c8f0cc47f0777e508910"}, "forward_calls": 1168, "tensor_batch_sequences": 1168, "tensor_channel_sequences": 1968, "elapsed_seconds": 152.44370451499998, "updated_utc": "2026-09-16T21:11:39.068319+00:00"}
{"completed_evaluations": 664, "assigned_evaluations": 1024, "last_identity": {"evaluation_index": 663, "input_sha256": "3d672d9487f1b94cc3744d5d905e98104af6b3d02be4a021a3f2bf1bb391e77a", "oi": 18, "origin": 745, "pi": 2, "pipeline": "joint_channel0_clip_minus3_plus3", "si": 7, "state": "clean_repeat", "target_sha256": "e1b4e72e4a58f691058f1c9a94029333a5d80721542dd9f75b6df5c32bd29009"}, "forward_calls": 1176, "tensor_batch_sequences": 1176, "tensor_channel_sequences": 1992, "elapsed_seconds": 153.631410195, "updated_utc": "2026-09-16T21:11:40.256025+00:00"}
{"completed_evaluations": 672, "assigned_evaluations": 1024, "last_identity": {"evaluation_index": 671, "input_sha256": "5933f1f717b887fe3d8f182351ded65bd6945511db380bf0d47ce4586a93886c", "oi": 19, "origin": 765, "pi": 2, "pipeline": "joint_channel0_clip_minus3_plus3", "si": 7, "state": "clean_repeat", "target_sha256": "b6e37fb39b1fa5a7fa109a5be92b7e6dd143f951d9e2cbbbf50bc2aae94803aa"}, "forward_calls": 1184, "tensor_batch_sequences": 1184, "tensor_channel_sequences": 2016, "elapsed_seconds": 154.821309234, "updated_utc": "2026-09-16T21:11:41.445924+00:00"}
{"completed_evaluations": 680, "assigned_evaluations": 1024, "last_identity": {"evaluation_index": 679, "input_sha256": "760d53596b1a25943ecc4e7c35fa7c19d4b7e791508f7e8b38879c937128ff67", "oi": 20, "origin": 785, "pi": 2, "pipeline": "joint_channel0_clip_minus3_plus3", "si": 7, "state": "clean_repeat", "target_sha256": "f6f380184dc09d8854a0d10f200bcc31036c286aace27b642eadb96df3e92f0e"}, "forward_calls": 1192, "tensor_batch_sequences": 1192, "tensor_channel_sequences": 2040, "elapsed_seconds": 156.014628871, "updated_utc": "2026-09-16T21:11:42.639243+00:00"}
{"completed_evaluations": 688, "assigned_evaluations": 1024, "last_identity": {"evaluation_index": 687, "input_sha256": "3970f8d3a8c06644832e97a96f59b713d2d45a27fcbb66f87ac4ef13791ba27c", "oi": 21, "origin": 805, "pi": 2, "pipeline": "joint_channel0_clip_minus3_plus3", "si": 7, "state": "clean_repeat", "target_sha256": "09e17f7e5246a3b97255e966ddae11dd842bd0db9921ae26acfe95d9045267f5"}, "forward_calls": 1200, "tensor_batch_sequences": 1200, "tensor_channel_sequences": 2064, "elapsed_seconds": 157.20484059799998, "updated_utc": "2026-09-16T21:11:43.829456+00:00"}
{"completed_evaluations": 696, "assigned_evaluations": 1024, "last_identity": {"evaluation_index": 695, "input_sha256": "783eebc3b8d2a3de3da2473d69ac4fb6cb5c265d020167ef876bccf219d15d6a", "oi": 22, "origin": 825, "pi": 2, "pipeline": "joint_channel0_clip_minus3_plus3", "si": 7, "state": "clean_repeat", "target_sha256": "4f1bb6c3b0dfa431cf0a04ba08bec79a666ca89f17ea6e53d0dfecffecda6032"}, "forward_calls": 1208, "tensor_batch_sequences": 1208, "tensor_channel_sequences": 2088, "elapsed_seconds": 158.397405767, "updated_utc": "2026-09-16T21:11:45.022020+00:00"}
{"completed_evaluations": 704, "assigned_evaluations": 1024, "last_identity": {"evaluation_index": 703, "input_sha256": "214669beb419ef1806cdf858038c51bc861ce750b3083e0be8b31c3d36fdce4c", "oi": 23, "origin": 845, "pi": 2, "pipeline": "joint_channel0_clip_minus3_plus3", "si": 7, "state": "clean_repeat", "target_sha256": "6fcac3556ee4897272ddde663fb266da38b733c93ccf2e0e230e96f5a0387f31"}, "forward_calls": 1216, "tensor_batch_sequences": 1216, "tensor_channel_sequences": 2112, "elapsed_seconds": 159.591154254, "updated_utc": "2026-09-16T21:11:46.215769+00:00"}
{"completed_evaluations": 712, "assigned_evaluations": 1024, "last_identity": {"evaluation_index": 711, "input_sha256": "d47194149a6f318d59f2ba6eb89284b6dd700df571be28e43a288566839b6edd", "oi": 24, "origin": 865, "pi": 2, "pipeline": "joint_channel0_clip_minus3_plus3", "si": 7, "state": "clean_repeat", "target_sha256": "0ee7d813bd6a050ff71ac4a3cdfdcb022fd00f2f252a13df86380d4857b655a3"}, "forward_calls": 1224, "tensor_batch_sequences": 1224, "tensor_channel_sequences": 2136, "elapsed_seconds": 160.78232775200001, "updated_utc": "2026-09-16T21:11:47.406967+00:00"}
{"completed_evaluations": 720, "assigned_evaluations": 1024, "last_identity": {"evaluation_index": 719, "input_sha256": "c77266cf3aea76f401799e0c36618ff7001b735769fa299a6ae42ac4b7b388b1", "oi": 25, "origin": 885, "pi": 2, "pipeline": "joint_channel0_clip_minus3_plus3", "si": 7, "state": "clean_repeat", "target_sha256": "babeb6144cadb8530c74cae77462ff8a979927966ffef8a805d11ce46e81b5bf"}, "forward_calls": 1232, "tensor_batch_sequences": 1232, "tensor_channel_sequences": 2160, "elapsed_seconds": 161.97096053, "updated_utc": "2026-09-16T21:11:48.595575+00:00"}
{"completed_evaluations": 728, "assigned_evaluations": 1024, "last_identity": {"evaluation_index": 727, "input_sha256": "646c4916bd8d684eb31cd52398578217ca4d96dfa176b7bc523d8669c999141f", "oi": 26, "origin": 905, "pi": 2, "pipeline": "joint_channel0_clip_minus3_plus3", "si": 7, "state": "clean_repeat", "target_sha256": "52f62055d1150e145809584695893e7808cccd3b01e08b9a54fc277ce5277a4d"}, "forward_calls": 1240, "tensor_batch_sequences": 1240, "tensor_channel_sequences": 2184, "elapsed_seconds": 163.153842732, "updated_utc": "2026-09-16T21:11:49.778457+00:00"}
{"completed_evaluations": 736, "assigned_evaluations": 1024, "last_identity": {"evaluation_index": 735, "input_sha256": "a9a922f9d82cad42bfec4f134501e6526b1e6c799f11e943e0957b0c6d972cb1", "oi": 27, "origin": 925, "pi": 2, "pipeline": "joint_channel0_clip_minus3_plus3", "si": 7, "state": "clean_repeat", "target_sha256": "4df90c0a60916ebe20623983356a076fb2398758f3aa51a20781404ae0f7f10d"}, "forward_calls": 1248, "tensor_batch_sequences": 1248, "tensor_channel_sequences": 2208, "elapsed_seconds": 164.348922948, "updated_utc": "2026-09-16T21:11:50.973537+00:00"}
{"completed_evaluations": 744, "assigned_evaluations": 1024, "last_identity": {"evaluation_index": 743, "input_sha256": "02a654bb06cc27e2ecf02f7520bfd3e5190b88b4b055d5a0eb9bcf4dec061435", "oi": 28, "origin": 945, "pi": 2, "pipeline": "joint_channel0_clip_minus3_plus3", "si": 7, "state": "clean_repeat", "target_sha256": "174c7d396ef8415be9fb1a58ca9513cef225f56bc19eee70f5dff9d086f26b44"}, "forward_calls": 1256, "tensor_batch_sequences": 1256, "tensor_channel_sequences": 2232, "elapsed_seconds": 165.53836952799998, "updated_utc": "2026-09-16T21:11:52.162984+00:00"}
{"completed_evaluations": 752, "assigned_evaluations": 1024, "last_identity": {"evaluation_index": 751, "input_sha256": "4828dd02395c97d6838b3b73de5c85af0f98eba66e6135d7a4a8315d39f28d42", "oi": 29, "origin": 965, "pi": 2, "pipeline": "joint_channel0_clip_minus3_plus3", "si": 7, "state": "clean_repeat", "target_sha256": "b0c25a60a118b799c5ae4fe5b72337ee65cbe7f1b85becdfd099e81a9e35ee11"}, "forward_calls": 1264, "tensor_batch_sequences": 1264, "tensor_channel_sequences": 2256, "elapsed_seconds": 166.731694425, "updated_utc": "2026-09-16T21:11:53.356309+00:00"}
{"completed_evaluations": 760, "assigned_evaluations": 1024, "last_identity": {"evaluation_index": 759, "input_sha256": "69275b1071f68bdeb6abe25c1a1d7125aaebbd3762f4ee7bffca1d5a2dc81d40", "oi": 30, "origin": 985, "pi": 2, "pipeline": "joint_channel0_clip_minus3_plus3", "si": 7, "state": "clean_repeat", "target_sha256": "dcd6ce193a8c38b894c8123a3729b78ca5dcd96459337c4ce40fe1d8e86d0f8a"}, "forward_calls": 1272, "tensor_batch_sequences": 1272, "tensor_channel_sequences": 2280, "elapsed_seconds": 167.926933324, "updated_utc": "2026-09-16T21:11:54.551548+00:00"}
{"completed_evaluations": 768, "assigned_evaluations": 1024, "last_identity": {"evaluation_index": 767, "input_sha256": "9705ef179daea0eecbfd3ced6a1befdcda7eeb3ec282835917d83c253c81598b", "oi": 31, "origin": 1006, "pi": 2, "pipeline": "joint_channel0_clip_minus3_plus3", "si": 7, "state": "clean_repeat", "target_sha256": "8dba21881148f607661c7c04c17cdcca0017584395442b44ec0f677f7c56725d"}, "forward_calls": 1280, "tensor_batch_sequences": 1280, "tensor_channel_sequences": 2304, "elapsed_seconds": 169.11902533300002, "updated_utc": "2026-09-16T21:11:55.743640+00:00"}
{"completed_evaluations": 776, "assigned_evaluations": 1024, "last_identity": {"evaluation_index": 775, "input_sha256": "3f991521fab4fc00ed80b4dc35c2d4a14aebc3ec069ba0f627f737ec330d4e3c", "oi": 0, "origin": 384, "pi": 3, "pipeline": "joint_channel0_causal_sma5", "si": 7, "state": "clean_repeat", "target_sha256": "d0e8f233c4f82cdcd6f3707aaff82546ce070f0f1a50a4d4855d78e7b953063b"}, "forward_calls": 1288, "tensor_batch_sequences": 1288, "tensor_channel_sequences": 2328, "elapsed_seconds": 170.30992474599998, "updated_utc": "2026-09-16T21:11:56.934539+00:00"}
{"completed_evaluations": 784, "assigned_evaluations": 1024, "last_identity": {"evaluation_index": 783, "input_sha256": "415aaf265b6385c2d819b44d04cc67cbaf277302befc9987f2a69116528d0344", "oi": 1, "origin": 404, "pi": 3, "pipeline": "joint_channel0_causal_sma5", "si": 7, "state": "clean_repeat", "target_sha256": "36b834b556eaaee45b2c11f5785deb3ad66b5be2f2f7f456e2eb8d89919573ca"}, "forward_calls": 1296, "tensor_batch_sequences": 1296, "tensor_channel_sequences": 2352, "elapsed_seconds": 171.504387818, "updated_utc": "2026-09-16T21:11:58.129003+00:00"}
{"completed_evaluations": 792, "assigned_evaluations": 1024, "last_identity": {"evaluation_index": 791, "input_sha256": "4d7c953f33bbffe863611f8901111d60259071b5c2a5615351a715ff06636e70", "oi": 2, "origin": 424, "pi": 3, "pipeline": "joint_channel0_causal_sma5", "si": 7, "state": "clean_repeat", "target_sha256": "3bc3647ed82250594db512a1c3d769789a6a442d86f6e9fc597622255fc5a415"}, "forward_calls": 1304, "tensor_batch_sequences": 1304, "tensor_channel_sequences": 2376, "elapsed_seconds": 172.698254737, "updated_utc": "2026-09-16T21:11:59.322869+00:00"}
{"completed_evaluations": 800, "assigned_evaluations": 1024, "last_identity": {"evaluation_index": 799, "input_sha256": "5f2e29c6bf7b3c848606b06738686a114d7ce0b41ddc4fcb5ddb956e0ec9ec8d", "oi": 3, "origin": 444, "pi": 3, "pipeline": "joint_channel0_causal_sma5", "si": 7, "state": "clean_repeat", "target_sha256": "8b152dba83611064520b85cd83fb2aee218513279ae7188c0804ac98194d14ab"}, "forward_calls": 1312, "tensor_batch_sequences": 1312, "tensor_channel_sequences": 2400, "elapsed_seconds": 173.89508478200003, "updated_utc": "2026-09-16T21:12:00.519699+00:00"}
{"completed_evaluations": 808, "assigned_evaluations": 1024, "last_identity": {"evaluation_index": 807, "input_sha256": "6eb182258f183d4feb306f5bdeaff143d93a87d9c73909b22006c36c4dae6d47", "oi": 4, "origin": 464, "pi": 3, "pipeline": "joint_channel0_causal_sma5", "si": 7, "state": "clean_repeat", "target_sha256": "5730d76667db855f5f7153f2105d4b43b066d97a1aff204fe3331ebc6d25c725"}, "forward_calls": 1320, "tensor_batch_sequences": 1320, "tensor_channel_sequences": 2424, "elapsed_seconds": 175.094445265, "updated_utc": "2026-09-16T21:12:01.719060+00:00"}
{"completed_evaluations": 816, "assigned_evaluations": 1024, "last_identity": {"evaluation_index": 815, "input_sha256": "03d2f4798751987d072c8fd29965c736e13022e9078afdb2befa00a0f986024b", "oi": 5, "origin": 484, "pi": 3, "pipeline": "joint_channel0_causal_sma5", "si": 7, "state": "clean_repeat", "target_sha256": "2ccfb25f6e5d2bc39a98776df4a70dd2c83fd8133b8e2bc318d9a2ca0684958a"}, "forward_calls": 1328, "tensor_batch_sequences": 1328, "tensor_channel_sequences": 2448, "elapsed_seconds": 176.289071961, "updated_utc": "2026-09-16T21:12:02.913687+00:00"}
{"completed_evaluations": 824, "assigned_evaluations": 1024, "last_identity": {"evaluation_index": 823, "input_sha256": "159fc25f90f9bfd005d076dfcfa3845c6cdd4957a1c14a2127a2cecb35475d95", "oi": 6, "origin": 504, "pi": 3, "pipeline": "joint_channel0_causal_sma5", "si": 7, "state": "clean_repeat", "target_sha256": "85afb87de5f911484d840a0214c1208321c8fd1ce437a5f38db3d2a71dbde9a1"}, "forward_calls": 1336, "tensor_batch_sequences": 1336, "tensor_channel_sequences": 2472, "elapsed_seconds": 177.477760423, "updated_utc": "2026-09-16T21:12:04.102375+00:00"}
{"completed_evaluations": 832, "assigned_evaluations": 1024, "last_identity": {"evaluation_index": 831, "input_sha256": "c792d4af64befa2667d4a3bd89c1e6d316222734093cc3f3b867edae8044cc37", "oi": 7, "origin": 524, "pi": 3, "pipeline": "joint_channel0_causal_sma5", "si": 7, "state": "clean_repeat", "target_sha256": "2024ae21aa4b6adeb95a0e9252b307e4943d0a14fe14ef1c09cdc0767618c08c"}, "forward_calls": 1344, "tensor_batch_sequences": 1344, "tensor_channel_sequences": 2496, "elapsed_seconds": 178.67123204900003, "updated_utc": "2026-09-16T21:12:05.295847+00:00"}
{"completed_evaluations": 840, "assigned_evaluations": 1024, "last_identity": {"evaluation_index": 839, "input_sha256": "69ee6d2ac8cb8226a691236ef1fa4ef0319966b25af2b1349e2332c6659e7548", "oi": 8, "origin": 544, "pi": 3, "pipeline": "joint_channel0_causal_sma5", "si": 7, "state": "clean_repeat", "target_sha256": "d352f966b4d7487281b040b1d8e21f7168684d3109f9fdc7cf19ca126705f2d1"}, "forward_calls": 1352, "tensor_batch_sequences": 1352, "tensor_channel_sequences": 2520, "elapsed_seconds": 179.867265937, "updated_utc": "2026-09-16T21:12:06.491881+00:00"}
{"completed_evaluations": 848, "assigned_evaluations": 1024, "last_identity": {"evaluation_index": 847, "input_sha256": "2d911241d33c975873e9f8e7f48331972758c358b229ac82d6f19a3dfe6613f4", "oi": 9, "origin": 564, "pi": 3, "pipeline": "joint_channel0_causal_sma5", "si": 7, "state": "clean_repeat", "target_sha256": "748aab076f207285d9f36a833b7518ef679475ff0b2a1cc1649ec3a429d833e7"}, "forward_calls": 1360, "tensor_batch_sequences": 1360, "tensor_channel_sequences": 2544, "elapsed_seconds": 181.062774403, "updated_utc": "2026-09-16T21:12:07.687389+00:00"}
{"completed_evaluations": 856, "assigned_evaluations": 1024, "last_identity": {"evaluation_index": 855, "input_sha256": "340981d6861d75feef6ec290e65c6dc1703a497585d4c52794c14d143348f50f", "oi": 10, "origin": 584, "pi": 3, "pipeline": "joint_channel0_causal_sma5", "si": 7, "state": "clean_repeat", "target_sha256": "bfa0ea1b52dcf24814df5058604bc6b8b8be34a0a907600eb7adef61e522d321"}, "forward_calls": 1368, "tensor_batch_sequences": 1368, "tensor_channel_sequences": 2568, "elapsed_seconds": 182.26294754399999, "updated_utc": "2026-09-16T21:12:08.887562+00:00"}
{"completed_evaluations": 864, "assigned_evaluations": 1024, "last_identity": {"evaluation_index": 863, "input_sha256": "8ff18ab3d4b974484f080b356e86b91de79309a0d9fbec5c8967b6041ff6a00e", "oi": 11, "origin": 604, "pi": 3, "pipeline": "joint_channel0_causal_sma5", "si": 7, "state": "clean_repeat", "target_sha256": "02004dedfe04b72313761d7d4a6671babf1769aa3489ac17fa0eed3ddadcbf2a"}, "forward_calls": 1376, "tensor_batch_sequences": 1376, "tensor_channel_sequences": 2592, "elapsed_seconds": 183.483416621, "updated_utc": "2026-09-16T21:12:10.108031+00:00"}
{"completed_evaluations": 872, "assigned_evaluations": 1024, "last_identity": {"evaluation_index": 871, "input_sha256": "7b566f8827b7b470cceb4184ada19ecc1415bc8053534aaa44a00f8b2d20dc92", "oi": 12, "origin": 624, "pi": 3, "pipeline": "joint_channel0_causal_sma5", "si": 7, "state": "clean_repeat", "target_sha256": "6b3be00e2d44ad10adf1aefb7502a1cd9bf8370b1358e428e07accf34656522c"}, "forward_calls": 1384, "tensor_batch_sequences": 1384, "tensor_channel_sequences": 2616, "elapsed_seconds": 184.710769912, "updated_utc": "2026-09-16T21:12:11.335385+00:00"}
{"completed_evaluations": 880, "assigned_evaluations": 1024, "last_identity": {"evaluation_index": 879, "input_sha256": "42f732be6f0b177915ebbb2447db89ad9753bf5dea3205b9a678f29c3303def4", "oi": 13, "origin": 644, "pi": 3, "pipeline": "joint_channel0_causal_sma5", "si": 7, "state": "clean_repeat", "target_sha256": "0aad954522629161c1120f2c81730e745f8e718dd9e27f17364a6dc7b6bb13be"}, "forward_calls": 1392, "tensor_batch_sequences": 1392, "tensor_channel_sequences": 2640, "elapsed_seconds": 186.015106012, "updated_utc": "2026-09-16T21:12:12.639721+00:00"}
{"completed_evaluations": 888, "assigned_evaluations": 1024, "last_identity": {"evaluation_index": 887, "input_sha256": "a892c8f62a54933181a68f6a08d4b3225db9609b6015d40bdbf88cc9f7e15a13", "oi": 14, "origin": 664, "pi": 3, "pipeline": "joint_channel0_causal_sma5", "si": 7, "state": "clean_repeat", "target_sha256": "672c0f005471eab72e267dadc71efecbf6bbd24cfc8f5212e868f44ad0c2f402"}, "forward_calls": 1400, "tensor_batch_sequences": 1400, "tensor_channel_sequences": 2664, "elapsed_seconds": 187.28429151300003, "updated_utc": "2026-09-16T21:12:13.908906+00:00"}
{"completed_evaluations": 896, "assigned_evaluations": 1024, "last_identity": {"evaluation_index": 895, "input_sha256": "3ce9b6424aa22adaf06ac8ad3d72be722a5585669d007e2af2fc8ef1584e7ae2", "oi": 15, "origin": 684, "pi": 3, "pipeline": "joint_channel0_causal_sma5", "si": 7, "state": "clean_repeat", "target_sha256": "447ed9a888d0b6bc9bc4df914ff4c78d5af91ea5b65b73429b2989293446ccf9"}, "forward_calls": 1408, "tensor_batch_sequences": 1408, "tensor_channel_sequences": 2688, "elapsed_seconds": 188.543618482, "updated_utc": "2026-09-16T21:12:15.168233+00:00"}
{"completed_evaluations": 904, "assigned_evaluations": 1024, "last_identity": {"evaluation_index": 903, "input_sha256": "bdcac0539c61f0a22eebbd9f80fb9051afa5fcfe93d89bf091ab6c2db9e35500", "oi": 16, "origin": 705, "pi": 3, "pipeline": "joint_channel0_causal_sma5", "si": 7, "state": "clean_repeat", "target_sha256": "11afe40ed21a8256c9ca39bf2e4a9d37ad0cc8293b69064cdb695671ca5dc26d"}, "forward_calls": 1416, "tensor_batch_sequences": 1416, "tensor_channel_sequences": 2712, "elapsed_seconds": 189.758251717, "updated_utc": "2026-09-16T21:12:16.382867+00:00"}
{"completed_evaluations": 912, "assigned_evaluations": 1024, "last_identity": {"evaluation_index": 911, "input_sha256": "adcf9845d46e39175c79e473e5e433ad4b8dacf53a0eccaf76cd6257e99d2070", "oi": 17, "origin": 725, "pi": 3, "pipeline": "joint_channel0_causal_sma5", "si": 7, "state": "clean_repeat", "target_sha256": "0c844d2312c1cfaa361b5597429943bafebeab873950c8f0cc47f0777e508910"}, "forward_calls": 1424, "tensor_batch_sequences": 1424, "tensor_channel_sequences": 2736, "elapsed_seconds": 191.10532684700001, "updated_utc": "2026-09-16T21:12:17.729963+00:00"}
{"completed_evaluations": 920, "assigned_evaluations": 1024, "last_identity": {"evaluation_index": 919, "input_sha256": "4af39dc7cee4c41b4443d7534a79a7033381cfb4104ad9fd45d1d32d8e5219f2", "oi": 18, "origin": 745, "pi": 3, "pipeline": "joint_channel0_causal_sma5", "si": 7, "state": "clean_repeat", "target_sha256": "e1b4e72e4a58f691058f1c9a94029333a5d80721542dd9f75b6df5c32bd29009"}, "forward_calls": 1432, "tensor_batch_sequences": 1432, "tensor_channel_sequences": 2760, "elapsed_seconds": 192.39795634400002, "updated_utc": "2026-09-16T21:12:19.022573+00:00"}
{"completed_evaluations": 928, "assigned_evaluations": 1024, "last_identity": {"evaluation_index": 927, "input_sha256": "c43e2ac4306310da611e3b7b4dbd8fa055ac18713dfa0fd5b659c0d40c65993e", "oi": 19, "origin": 765, "pi": 3, "pipeline": "joint_channel0_causal_sma5", "si": 7, "state": "clean_repeat", "target_sha256": "b6e37fb39b1fa5a7fa109a5be92b7e6dd143f951d9e2cbbbf50bc2aae94803aa"}, "forward_calls": 1440, "tensor_batch_sequences": 1440, "tensor_channel_sequences": 2784, "elapsed_seconds": 193.61076651899998, "updated_utc": "2026-09-16T21:12:20.235381+00:00"}
{"completed_evaluations": 936, "assigned_evaluations": 1024, "last_identity": {"evaluation_index": 935, "input_sha256": "3f44f0cabb6916941e9b0c814f4747819fd2fe23e1ec219fecac0d7efd9d40c7", "oi": 20, "origin": 785, "pi": 3, "pipeline": "joint_channel0_causal_sma5", "si": 7, "state": "clean_repeat", "target_sha256": "f6f380184dc09d8854a0d10f200bcc31036c286aace27b642eadb96df3e92f0e"}, "forward_calls": 1448, "tensor_batch_sequences": 1448, "tensor_channel_sequences": 2808, "elapsed_seconds": 194.78566624, "updated_utc": "2026-09-16T21:12:21.410281+00:00"}
{"completed_evaluations": 944, "assigned_evaluations": 1024, "last_identity": {"evaluation_index": 943, "input_sha256": "f1eea576117ccc12c1b76b95dff63d1769d75aa6607d155b399fde995ec8e338", "oi": 21, "origin": 805, "pi": 3, "pipeline": "joint_channel0_causal_sma5", "si": 7, "state": "clean_repeat", "target_sha256": "09e17f7e5246a3b97255e966ddae11dd842bd0db9921ae26acfe95d9045267f5"}, "forward_calls": 1456, "tensor_batch_sequences": 1456, "tensor_channel_sequences": 2832, "elapsed_seconds": 195.968496534, "updated_utc": "2026-09-16T21:12:22.593111+00:00"}
{"completed_evaluations": 952, "assigned_evaluations": 1024, "last_identity": {"evaluation_index": 951, "input_sha256": "79108c65048e808430b4751c8f844b478b6f4efe80e145bb39caf9cbde51ba91", "oi": 22, "origin": 825, "pi": 3, "pipeline": "joint_channel0_causal_sma5", "si": 7, "state": "clean_repeat", "target_sha256": "4f1bb6c3b0dfa431cf0a04ba08bec79a666ca89f17ea6e53d0dfecffecda6032"}, "forward_calls": 1464, "tensor_batch_sequences": 1464, "tensor_channel_sequences": 2856, "elapsed_seconds": 197.147633804, "updated_utc": "2026-09-16T21:12:23.772249+00:00"}
{"completed_evaluations": 960, "assigned_evaluations": 1024, "last_identity": {"evaluation_index": 959, "input_sha256": "b296ba791ecaf7860c0423ca2aa63f0474675bc767cf037eb9a1ee2bf919237d", "oi": 23, "origin": 845, "pi": 3, "pipeline": "joint_channel0_causal_sma5", "si": 7, "state": "clean_repeat", "target_sha256": "6fcac3556ee4897272ddde663fb266da38b733c93ccf2e0e230e96f5a0387f31"}, "forward_calls": 1472, "tensor_batch_sequences": 1472, "tensor_channel_sequences": 2880, "elapsed_seconds": 198.330701723, "updated_utc": "2026-09-16T21:12:24.955317+00:00"}
{"completed_evaluations": 968, "assigned_evaluations": 1024, "last_identity": {"evaluation_index": 967, "input_sha256": "fe6017701a175249860232c1e6c83df559fceec39732067ac71b31745b8e304b", "oi": 24, "origin": 865, "pi": 3, "pipeline": "joint_channel0_causal_sma5", "si": 7, "state": "clean_repeat", "target_sha256": "0ee7d813bd6a050ff71ac4a3cdfdcb022fd00f2f252a13df86380d4857b655a3"}, "forward_calls": 1480, "tensor_batch_sequences": 1480, "tensor_channel_sequences": 2904, "elapsed_seconds": 199.50487139300003, "updated_utc": "2026-09-16T21:12:26.129486+00:00"}
{"completed_evaluations": 976, "assigned_evaluations": 1024, "last_identity": {"evaluation_index": 975, "input_sha256": "35624aa6e0e6ce8d472c5d449bdcbc9c11b65daf1c0e5926803f2b7edf8808cb", "oi": 25, "origin": 885, "pi": 3, "pipeline": "joint_channel0_causal_sma5", "si": 7, "state": "clean_repeat", "target_sha256": "babeb6144cadb8530c74cae77462ff8a979927966ffef8a805d11ce46e81b5bf"}, "forward_calls": 1488, "tensor_batch_sequences": 1488, "tensor_channel_sequences": 2928, "elapsed_seconds": 200.700736899, "updated_utc": "2026-09-16T21:12:27.325351+00:00"}
{"completed_evaluations": 984, "assigned_evaluations": 1024, "last_identity": {"evaluation_index": 983, "input_sha256": "2ca09fb2e4ea82590ab3ae84108e1c360955953cb4c1eee4df214b2b11a1ded5", "oi": 26, "origin": 905, "pi": 3, "pipeline": "joint_channel0_causal_sma5", "si": 7, "state": "clean_repeat", "target_sha256": "52f62055d1150e145809584695893e7808cccd3b01e08b9a54fc277ce5277a4d"}, "forward_calls": 1496, "tensor_batch_sequences": 1496, "tensor_channel_sequences": 2952, "elapsed_seconds": 201.89061116, "updated_utc": "2026-09-16T21:12:28.515226+00:00"}
{"completed_evaluations": 992, "assigned_evaluations": 1024, "last_identity": {"evaluation_index": 991, "input_sha256": "52d77f0847a98d3baa903439327b64d62014fbdcbf5c1d155d09ad6053566ab2", "oi": 27, "origin": 925, "pi": 3, "pipeline": "joint_channel0_causal_sma5", "si": 7, "state": "clean_repeat", "target_sha256": "4df90c0a60916ebe20623983356a076fb2398758f3aa51a20781404ae0f7f10d"}, "forward_calls": 1504, "tensor_batch_sequences": 1504, "tensor_channel_sequences": 2976, "elapsed_seconds": 203.08003611200002, "updated_utc": "2026-09-16T21:12:29.704651+00:00"}
{"completed_evaluations": 1000, "assigned_evaluations": 1024, "last_identity": {"evaluation_index": 999, "input_sha256": "275887034415fc767b8e7067cd17b3e27af47e89c3d4c1427736138f5342cdc4", "oi": 28, "origin": 945, "pi": 3, "pipeline": "joint_channel0_causal_sma5", "si": 7, "state": "clean_repeat", "target_sha256": "174c7d396ef8415be9fb1a58ca9513cef225f56bc19eee70f5dff9d086f26b44"}, "forward_calls": 1512, "tensor_batch_sequences": 1512, "tensor_channel_sequences": 3000, "elapsed_seconds": 204.26614051899998, "updated_utc": "2026-09-16T21:12:30.890755+00:00"}
{"completed_evaluations": 1008, "assigned_evaluations": 1024, "last_identity": {"evaluation_index": 1007, "input_sha256": "2d83e4c57cd7be9a3b738d91de980abe2b393fdfd02971dbcd05c97e2610c39a", "oi": 29, "origin": 965, "pi": 3, "pipeline": "joint_channel0_causal_sma5", "si": 7, "state": "clean_repeat", "target_sha256": "b0c25a60a118b799c5ae4fe5b72337ee65cbe7f1b85becdfd099e81a9e35ee11"}, "forward_calls": 1520, "tensor_batch_sequences": 1520, "tensor_channel_sequences": 3024, "elapsed_seconds": 205.446870085, "updated_utc": "2026-09-16T21:12:32.071485+00:00"}
{"completed_evaluations": 1016, "assigned_evaluations": 1024, "last_identity": {"evaluation_index": 1015, "input_sha256": "fc70e761d0f0efd869158d0a4f2051b900e292eb25e609bcc3d1d94d72f60a13", "oi": 30, "origin": 985, "pi": 3, "pipeline": "joint_channel0_causal_sma5", "si": 7, "state": "clean_repeat", "target_sha256": "dcd6ce193a8c38b894c8123a3729b78ca5dcd96459337c4ce40fe1d8e86d0f8a"}, "forward_calls": 1528, "tensor_batch_sequences": 1528, "tensor_channel_sequences": 3048, "elapsed_seconds": 206.634260611, "updated_utc": "2026-09-16T21:12:33.258875+00:00"}
{"completed_evaluations": 1024, "assigned_evaluations": 1024, "last_identity": {"evaluation_index": 1023, "input_sha256": "d92672515a60065a37084baa94513290977fca5528d515308c400bc369a00c72", "oi": 31, "origin": 1006, "pi": 3, "pipeline": "joint_channel0_causal_sma5", "si": 7, "state": "clean_repeat", "target_sha256": "8dba21881148f607661c7c04c17cdcca0017584395442b44ec0f677f7c56725d"}, "forward_calls": 1536, "tensor_batch_sequences": 1536, "tensor_channel_sequences": 3072, "elapsed_seconds": 207.822069957, "updated_utc": "2026-09-16T21:12:34.446685+00:00"}
{"status": "COMPLETE_PENDING_INDEPENDENT_AUDIT", "completed_evaluations": 1024, "forward_calls": 1536, "runtime_seconds": 207.82816845399998}
{"audit_status": "PASS", "decision": "HOLD_CROSS_CHANNEL_HARM_SCALE_UP", "errors": [], "summary": "/opt/dlami/nvme/praxis-d0-28fb96e0254c4f889f8ffabfba660522/extracted/output/audit/AUDIT.json"}
