Mon Sep 14 14:11:53 UTC 2026
Filesystem                      Size  Used Avail Use% Mounted on
/dev/mapper/vg.01-lv_ephemeral  229G   60K  217G   1% /opt/dlami/nvme
/opt/dlami/nvme/praxis-qualification-20260914/009/bundle.tar.gz: OK
  % Total    % Received % Xferd  Average Speed   Time    Time     Time  Current
                                 Dload  Upload   Total   Spent    Left  Speed
  0     0    0     0    0     0      0      0 --:--:-- --:--:-- --:--:--     0100 7524k    0 7524k    0     0  9939k      0 --:--:-- --:--:-- --:--:-- 9939k100 9157k    0 9157k    0     0  9524k      0 --:--:-- --:--:-- --:--:-- 9518k
/opt/dlami/nvme/praxis-qualification-20260914/009/vendor.tar.gz: OK
Collecting pip==25.2
  Downloading pip-25.2-py3-none-any.whl (1.8 MB)
     ━━━━━━━━━━━━━━━━━━━━━━━━━━━━━━━━━━━━━━━━ 1.8/1.8 MB 32.9 MB/s eta 0:00:00
Installing collected packages: pip
  Attempting uninstall: pip
    Found existing installation: pip 22.0.2
    Uninstalling pip-22.0.2:
      Successfully uninstalled pip-22.0.2
Successfully installed pip-25.2
Looking in indexes: https://download.pytorch.org/whl/cu124
Collecting torch==2.6.0
  Downloading https://download-r2.pytorch.org/whl/cu124/torch-2.6.0%2Bcu124-cp310-cp310-linux_x86_64.whl.metadata (28 kB)
Collecting filelock (from torch==2.6.0)
  Downloading filelock-3.32.3-py3-none-any.whl.metadata (2.0 kB)
Collecting typing-extensions>=4.10.0 (from torch==2.6.0)
  Downloading typing_extensions-4.16.0-py3-none-any.whl.metadata (3.3 kB)
Collecting networkx (from torch==2.6.0)
  Downloading networkx-3.4.2-py3-none-any.whl.metadata (6.3 kB)
Collecting jinja2 (from torch==2.6.0)
  Downloading https://download.pytorch.org/whl/jinja2-3.1.6-py3-none-any.whl.metadata (2.9 kB)
Collecting fsspec (from torch==2.6.0)
  Downloading fsspec-2026.7.0-py3-none-any.whl.metadata (10 kB)
Collecting nvidia-cuda-nvrtc-cu12==12.4.127 (from torch==2.6.0)
  Downloading https://pypi.nvidia.com/nvidia-cuda-nvrtc-cu12/nvidia_cuda_nvrtc_cu12-12.4.127-py3-none-manylinux2014_x86_64.whl (24.6 MB)
     ━━━━━━━━━━━━━━━━━━━━━━━━━━━━━━━━━━━━━━━━ 24.6/24.6 MB 274.9 MB/s  0:00:00
Collecting nvidia-cuda-runtime-cu12==12.4.127 (from torch==2.6.0)
  Downloading https://pypi.nvidia.com/nvidia-cuda-runtime-cu12/nvidia_cuda_runtime_cu12-12.4.127-py3-none-manylinux2014_x86_64.whl (883 kB)
     ━━━━━━━━━━━━━━━━━━━━━━━━━━━━━━━━━━━━━━━━ 883.7/883.7 kB 268.1 MB/s  0:00:00
Collecting nvidia-cuda-cupti-cu12==12.4.127 (from torch==2.6.0)
  Downloading https://pypi.nvidia.com/nvidia-cuda-cupti-cu12/nvidia_cuda_cupti_cu12-12.4.127-py3-none-manylinux2014_x86_64.whl (13.8 MB)
     ━━━━━━━━━━━━━━━━━━━━━━━━━━━━━━━━━━━━━━━━ 13.8/13.8 MB 280.7 MB/s  0:00:00
Collecting nvidia-cudnn-cu12==9.1.0.70 (from torch==2.6.0)
  Downloading https://download.pytorch.org/whl/cu124/nvidia_cudnn_cu12-9.1.0.70-py3-none-manylinux2014_x86_64.whl (664.8 MB)
     ━━━━━━━━━━━━━━━━━━━━━━━━━━━━━━━━━━━━━━━━ 664.8/664.8 MB 46.3 MB/s  0:00:07
Collecting nvidia-cublas-cu12==12.4.5.8 (from torch==2.6.0)
  Downloading https://pypi.nvidia.com/nvidia-cublas-cu12/nvidia_cublas_cu12-12.4.5.8-py3-none-manylinux2014_x86_64.whl (363.4 MB)
     ━━━━━━━━━━━━━━━━━━━━━━━━━━━━━━━━━━━━━━━━ 363.4/363.4 MB 234.6 MB/s  0:00:01
Collecting nvidia-cufft-cu12==11.2.1.3 (from torch==2.6.0)
  Downloading https://pypi.nvidia.com/nvidia-cufft-cu12/nvidia_cufft_cu12-11.2.1.3-py3-none-manylinux2014_x86_64.whl (211.5 MB)
     ━━━━━━━━━━━━━━━━━━━━━━━━━━━━━━━━━━━━━━━━ 211.5/211.5 MB 266.7 MB/s  0:00:00
Collecting nvidia-curand-cu12==10.3.5.147 (from torch==2.6.0)
  Downloading https://pypi.nvidia.com/nvidia-curand-cu12/nvidia_curand_cu12-10.3.5.147-py3-none-manylinux2014_x86_64.whl (56.3 MB)
     ━━━━━━━━━━━━━━━━━━━━━━━━━━━━━━━━━━━━━━━━ 56.3/56.3 MB 299.5 MB/s  0:00:00
Collecting nvidia-cusolver-cu12==11.6.1.9 (from torch==2.6.0)
  Downloading https://pypi.nvidia.com/nvidia-cusolver-cu12/nvidia_cusolver_cu12-11.6.1.9-py3-none-manylinux2014_x86_64.whl (127.9 MB)
     ━━━━━━━━━━━━━━━━━━━━━━━━━━━━━━━━━━━━━━━━ 127.9/127.9 MB 298.5 MB/s  0:00:00
Collecting nvidia-cusparse-cu12==12.3.1.170 (from torch==2.6.0)
  Downloading https://pypi.nvidia.com/nvidia-cusparse-cu12/nvidia_cusparse_cu12-12.3.1.170-py3-none-manylinux2014_x86_64.whl (207.5 MB)
     ━━━━━━━━━━━━━━━━━━━━━━━━━━━━━━━━━━━━━━━━ 207.5/207.5 MB 305.5 MB/s  0:00:00
Collecting nvidia-cusparselt-cu12==0.6.2 (from torch==2.6.0)
  Downloading https://pypi.nvidia.com/nvidia-cusparselt-cu12/nvidia_cusparselt_cu12-0.6.2-py3-none-manylinux2014_x86_64.whl (150.1 MB)
     ━━━━━━━━━━━━━━━━━━━━━━━━━━━━━━━━━━━━━━━━ 150.1/150.1 MB 233.9 MB/s  0:00:00
Collecting nvidia-nccl-cu12==2.21.5 (from torch==2.6.0)
  Downloading https://pypi.nvidia.com/nvidia-nccl-cu12/nvidia_nccl_cu12-2.21.5-py3-none-manylinux2014_x86_64.whl (188.7 MB)
     ━━━━━━━━━━━━━━━━━━━━━━━━━━━━━━━━━━━━━━━━ 188.7/188.7 MB 297.6 MB/s  0:00:00
Collecting nvidia-nvtx-cu12==12.4.127 (from torch==2.6.0)
  Downloading https://pypi.nvidia.com/nvidia-nvtx-cu12/nvidia_nvtx_cu12-12.4.127-py3-none-manylinux2014_x86_64.whl (99 kB)
Collecting nvidia-nvjitlink-cu12==12.4.127 (from torch==2.6.0)
  Downloading https://pypi.nvidia.com/nvidia-nvjitlink-cu12/nvidia_nvjitlink_cu12-12.4.127-py3-none-manylinux2014_x86_64.whl (21.1 MB)
     ━━━━━━━━━━━━━━━━━━━━━━━━━━━━━━━━━━━━━━━━ 21.1/21.1 MB 304.1 MB/s  0:00:00
Collecting triton==3.2.0 (from torch==2.6.0)
  Downloading https://download-r2.pytorch.org/whl/triton-3.2.0-cp310-cp310-manylinux_2_27_x86_64.manylinux_2_28_x86_64.whl.metadata (1.4 kB)
Collecting sympy==1.13.1 (from torch==2.6.0)
  Downloading sympy-1.13.1-py3-none-any.whl.metadata (12 kB)
Collecting mpmath<1.4,>=1.1.0 (from sympy==1.13.1->torch==2.6.0)
  Downloading mpmath-1.3.0-py3-none-any.whl.metadata (8.6 kB)
Collecting MarkupSafe>=2.0 (from jinja2->torch==2.6.0)
  Downloading https://download.pytorch.org/whl/markupsafe-3.0.3-cp310-cp310-manylinux2014_x86_64.manylinux_2_17_x86_64.manylinux_2_28_x86_64.whl.metadata (2.7 kB)
Downloading https://download-r2.pytorch.org/whl/cu124/torch-2.6.0%2Bcu124-cp310-cp310-linux_x86_64.whl (768.4 MB)
   ━━━━━━━━━━━━━━━━━━━━━━━━━━━━━━━━━━━━━━━━ 768.4/768.4 MB 24.8 MB/s  0:00:12
Downloading sympy-1.13.1-py3-none-any.whl (6.2 MB)
   ━━━━━━━━━━━━━━━━━━━━━━━━━━━━━━━━━━━━━━━━ 6.2/6.2 MB 177.4 MB/s  0:00:00
Downloading https://download-r2.pytorch.org/whl/triton-3.2.0-cp310-cp310-manylinux_2_27_x86_64.manylinux_2_28_x86_64.whl (166.6 MB)
   ━━━━━━━━━━━━━━━━━━━━━━━━━━━━━━━━━━━━━━━━ 166.6/166.6 MB 172.5 MB/s  0:00:00
Downloading mpmath-1.3.0-py3-none-any.whl (536 kB)
   ━━━━━━━━━━━━━━━━━━━━━━━━━━━━━━━━━━━━━━━━ 536.2/536.2 kB 79.8 MB/s  0:00:00
Downloading typing_extensions-4.16.0-py3-none-any.whl (45 kB)
Downloading filelock-3.32.3-py3-none-any.whl (98 kB)
Downloading fsspec-2026.7.0-py3-none-any.whl (206 kB)
Downloading https://download.pytorch.org/whl/jinja2-3.1.6-py3-none-any.whl (134 kB)
Downloading https://download.pytorch.org/whl/markupsafe-3.0.3-cp310-cp310-manylinux2014_x86_64.manylinux_2_17_x86_64.manylinux_2_28_x86_64.whl (20 kB)
Downloading networkx-3.4.2-py3-none-any.whl (1.7 MB)
   ━━━━━━━━━━━━━━━━━━━━━━━━━━━━━━━━━━━━━━━━ 1.7/1.7 MB 162.6 MB/s  0:00:00
Installing collected packages: triton, nvidia-cusparselt-cu12, mpmath, typing-extensions, sympy, nvidia-nvtx-cu12, nvidia-nvjitlink-cu12, nvidia-nccl-cu12, nvidia-curand-cu12, nvidia-cufft-cu12, nvidia-cuda-runtime-cu12, nvidia-cuda-nvrtc-cu12, nvidia-cuda-cupti-cu12, nvidia-cublas-cu12, networkx, MarkupSafe, fsspec, filelock, nvidia-cusparse-cu12, nvidia-cudnn-cu12, jinja2, nvidia-cusolver-cu12, torch

Successfully installed MarkupSafe-3.0.3 filelock-3.32.3 fsspec-2026.7.0 jinja2-3.1.6 mpmath-1.3.0 networkx-3.4.2 nvidia-cublas-cu12-12.4.5.8 nvidia-cuda-cupti-cu12-12.4.127 nvidia-cuda-nvrtc-cu12-12.4.127 nvidia-cuda-runtime-cu12-12.4.127 nvidia-cudnn-cu12-9.1.0.70 nvidia-cufft-cu12-11.2.1.3 nvidia-curand-cu12-10.3.5.147 nvidia-cusolver-cu12-11.6.1.9 nvidia-cusparse-cu12-12.3.1.170 nvidia-cusparselt-cu12-0.6.2 nvidia-nccl-cu12-2.21.5 nvidia-nvjitlink-cu12-12.4.127 nvidia-nvtx-cu12-12.4.127 sympy-1.13.1 torch-2.6.0+cu124 triton-3.2.0 typing-extensions-4.16.0
Requirement already satisfied: torch==2.6.0 in /opt/dlami/nvme/praxis-qualification-20260914/venv009/lib/python3.10/site-packages (2.6.0+cu124)
Collecting transformers==5.17.0
  Downloading transformers-5.17.0-py3-none-any.whl.metadata (32 kB)
Collecting peft==0.20.0
  Downloading peft-0.20.0-py3-none-any.whl.metadata (14 kB)
Collecting bitsandbytes==0.50.2
  Downloading bitsandbytes-0.50.2-py3-none-manylinux_2_24_x86_64.whl.metadata (10 kB)
Collecting safetensors==0.8.0
  Downloading safetensors-0.8.0-cp310-abi3-manylinux_2_17_x86_64.manylinux2014_x86_64.whl.metadata (4.2 kB)
Collecting accelerate==1.9.0
  Downloading accelerate-1.9.0-py3-none-any.whl.metadata (19 kB)
Collecting packaging==25.0
  Downloading packaging-25.0-py3-none-any.whl.metadata (3.3 kB)
Collecting rich==14.1.0
  Downloading rich-14.1.0-py3-none-any.whl.metadata (18 kB)
Collecting pydantic==2.11.7
  Downloading pydantic-2.11.7-py3-none-any.whl.metadata (67 kB)
Collecting pyyaml==6.0.2
  Downloading PyYAML-6.0.2-cp310-cp310-manylinux_2_17_x86_64.manylinux2014_x86_64.whl.metadata (2.1 kB)
Collecting numpy==2.2.6
  Downloading numpy-2.2.6-cp310-cp310-manylinux_2_17_x86_64.manylinux2014_x86_64.whl.metadata (62 kB)
Requirement already satisfied: filelock in /opt/dlami/nvme/praxis-qualification-20260914/venv009/lib/python3.10/site-packages (from torch==2.6.0) (3.32.3)
Requirement already satisfied: typing-extensions>=4.10.0 in /opt/dlami/nvme/praxis-qualification-20260914/venv009/lib/python3.10/site-packages (from torch==2.6.0) (4.16.0)
Requirement already satisfied: networkx in /opt/dlami/nvme/praxis-qualification-20260914/venv009/lib/python3.10/site-packages (from torch==2.6.0) (3.4.2)
Requirement already satisfied: jinja2 in /opt/dlami/nvme/praxis-qualification-20260914/venv009/lib/python3.10/site-packages (from torch==2.6.0) (3.1.6)
Requirement already satisfied: fsspec in /opt/dlami/nvme/praxis-qualification-20260914/venv009/lib/python3.10/site-packages (from torch==2.6.0) (2026.7.0)
Requirement already satisfied: nvidia-cuda-nvrtc-cu12==12.4.127 in /opt/dlami/nvme/praxis-qualification-20260914/venv009/lib/python3.10/site-packages (from torch==2.6.0) (12.4.127)
Requirement already satisfied: nvidia-cuda-runtime-cu12==12.4.127 in /opt/dlami/nvme/praxis-qualification-20260914/venv009/lib/python3.10/site-packages (from torch==2.6.0) (12.4.127)
Requirement already satisfied: nvidia-cuda-cupti-cu12==12.4.127 in /opt/dlami/nvme/praxis-qualification-20260914/venv009/lib/python3.10/site-packages (from torch==2.6.0) (12.4.127)
Requirement already satisfied: nvidia-cudnn-cu12==9.1.0.70 in /opt/dlami/nvme/praxis-qualification-20260914/venv009/lib/python3.10/site-packages (from torch==2.6.0) (9.1.0.70)
Requirement already satisfied: nvidia-cublas-cu12==12.4.5.8 in /opt/dlami/nvme/praxis-qualification-20260914/venv009/lib/python3.10/site-packages (from torch==2.6.0) (12.4.5.8)
Requirement already satisfied: nvidia-cufft-cu12==11.2.1.3 in /opt/dlami/nvme/praxis-qualification-20260914/venv009/lib/python3.10/site-packages (from torch==2.6.0) (11.2.1.3)
Requirement already satisfied: nvidia-curand-cu12==10.3.5.147 in /opt/dlami/nvme/praxis-qualification-20260914/venv009/lib/python3.10/site-packages (from torch==2.6.0) (10.3.5.147)
Requirement already satisfied: nvidia-cusolver-cu12==11.6.1.9 in /opt/dlami/nvme/praxis-qualification-20260914/venv009/lib/python3.10/site-packages (from torch==2.6.0) (11.6.1.9)
Requirement already satisfied: nvidia-cusparse-cu12==12.3.1.170 in /opt/dlami/nvme/praxis-qualification-20260914/venv009/lib/python3.10/site-packages (from torch==2.6.0) (12.3.1.170)
Requirement already satisfied: nvidia-cusparselt-cu12==0.6.2 in /opt/dlami/nvme/praxis-qualification-20260914/venv009/lib/python3.10/site-packages (from torch==2.6.0) (0.6.2)
Requirement already satisfied: nvidia-nccl-cu12==2.21.5 in /opt/dlami/nvme/praxis-qualification-20260914/venv009/lib/python3.10/site-packages (from torch==2.6.0) (2.21.5)
Requirement already satisfied: nvidia-nvtx-cu12==12.4.127 in /opt/dlami/nvme/praxis-qualification-20260914/venv009/lib/python3.10/site-packages (from torch==2.6.0) (12.4.127)
Requirement already satisfied: nvidia-nvjitlink-cu12==12.4.127 in /opt/dlami/nvme/praxis-qualification-20260914/venv009/lib/python3.10/site-packages (from torch==2.6.0) (12.4.127)
Requirement already satisfied: triton==3.2.0 in /opt/dlami/nvme/praxis-qualification-20260914/venv009/lib/python3.10/site-packages (from torch==2.6.0) (3.2.0)
Requirement already satisfied: sympy==1.13.1 in /opt/dlami/nvme/praxis-qualification-20260914/venv009/lib/python3.10/site-packages (from torch==2.6.0) (1.13.1)
Collecting huggingface-hub<2.0,>=1.5.0 (from transformers==5.17.0)
  Downloading huggingface_hub-1.31.0-py3-none-any.whl.metadata (16 kB)
Collecting regex>=2025.10.22 (from transformers==5.17.0)
  Downloading regex-2026.9.10-cp310-cp310-manylinux2014_x86_64.manylinux_2_17_x86_64.manylinux_2_28_x86_64.whl.metadata (40 kB)
Collecting tokenizers<0.24.0,>=0.23.1 (from transformers==5.17.0)
  Downloading tokenizers-0.23.2-cp310-abi3-manylinux_2_17_x86_64.manylinux2014_x86_64.whl.metadata (9.8 kB)
Collecting typer (from transformers==5.17.0)
  Downloading typer-0.27.2-py3-none-any.whl.metadata (16 kB)
Collecting tqdm>=4.60 (from transformers==5.17.0)
  Downloading tqdm-4.70.1-py3-none-any.whl.metadata (57 kB)
Collecting psutil (from peft==0.20.0)
  Downloading psutil-7.2.2-cp36-abi3-manylinux2010_x86_64.manylinux_2_12_x86_64.manylinux_2_28_x86_64.whl.metadata (22 kB)
Collecting markdown-it-py>=2.2.0 (from rich==14.1.0)
  Downloading markdown_it_py-4.2.0-py3-none-any.whl.metadata (7.4 kB)
Collecting pygments<3.0.0,>=2.13.0 (from rich==14.1.0)
  Downloading pygments-2.21.0-py3-none-any.whl.metadata (2.5 kB)
Collecting annotated-types>=0.6.0 (from pydantic==2.11.7)
  Downloading annotated_types-0.8.0-py3-none-any.whl.metadata (15 kB)
Collecting pydantic-core==2.33.2 (from pydantic==2.11.7)
  Downloading pydantic_core-2.33.2-cp310-cp310-manylinux_2_17_x86_64.manylinux2014_x86_64.whl.metadata (6.8 kB)
Collecting typing-inspection>=0.4.0 (from pydantic==2.11.7)
  Downloading typing_inspection-0.4.4-py3-none-any.whl.metadata (2.6 kB)
Requirement already satisfied: mpmath<1.4,>=1.1.0 in /opt/dlami/nvme/praxis-qualification-20260914/venv009/lib/python3.10/site-packages (from sympy==1.13.1->torch==2.6.0) (1.3.0)
Collecting click<9.0.0,>=8.4.2 (from huggingface-hub<2.0,>=1.5.0->transformers==5.17.0)
  Downloading click-8.5.0-py3-none-any.whl.metadata (2.6 kB)
Collecting hf-xet<2.0.0,>=1.5.2 (from huggingface-hub<2.0,>=1.5.0->transformers==5.17.0)
  Downloading hf_xet-1.6.0-cp38-abi3-manylinux2014_x86_64.manylinux_2_17_x86_64.whl.metadata (4.9 kB)
Collecting httpx<1,>=0.23.0 (from huggingface-hub<2.0,>=1.5.0->transformers==5.17.0)
  Downloading httpx-0.28.1-py3-none-any.whl.metadata (7.1 kB)
Collecting anyio (from httpx<1,>=0.23.0->huggingface-hub<2.0,>=1.5.0->transformers==5.17.0)
  Downloading anyio-4.15.1-py3-none-any.whl.metadata (4.7 kB)
Collecting certifi (from httpx<1,>=0.23.0->huggingface-hub<2.0,>=1.5.0->transformers==5.17.0)
  Downloading certifi-2026.7.22-py3-none-any.whl.metadata (2.5 kB)
Collecting httpcore==1.* (from httpx<1,>=0.23.0->huggingface-hub<2.0,>=1.5.0->transformers==5.17.0)
  Downloading httpcore-1.0.9-py3-none-any.whl.metadata (21 kB)
Collecting idna (from httpx<1,>=0.23.0->huggingface-hub<2.0,>=1.5.0->transformers==5.17.0)
  Downloading idna-3.19-py3-none-any.whl.metadata (9.2 kB)
Collecting h11>=0.16 (from httpcore==1.*->httpx<1,>=0.23.0->huggingface-hub<2.0,>=1.5.0->transformers==5.17.0)
  Downloading h11-0.16.0-py3-none-any.whl.metadata (8.3 kB)
Collecting mdurl~=0.1 (from markdown-it-py>=2.2.0->rich==14.1.0)
  Downloading mdurl-0.1.2-py3-none-any.whl.metadata (1.6 kB)
Collecting exceptiongroup>=1.0.2 (from anyio->httpx<1,>=0.23.0->huggingface-hub<2.0,>=1.5.0->transformers==5.17.0)
  Downloading exceptiongroup-1.3.1-py3-none-any.whl.metadata (6.7 kB)
Requirement already satisfied: MarkupSafe>=2.0 in /opt/dlami/nvme/praxis-qualification-20260914/venv009/lib/python3.10/site-packages (from jinja2->torch==2.6.0) (3.0.3)
Collecting shellingham>=1.3.0 (from typer->transformers==5.17.0)
  Downloading shellingham-1.5.4-py2.py3-none-any.whl.metadata (3.5 kB)
Collecting annotated-doc>=0.0.2 (from typer->transformers==5.17.0)
  Downloading annotated_doc-0.0.5-py3-none-any.whl.metadata (6.5 kB)
Downloading transformers-5.17.0-py3-none-any.whl (12.3 MB)
   ━━━━━━━━━━━━━━━━━━━━━━━━━━━━━━━━━━━━━━━━ 12.3/12.3 MB 217.4 MB/s  0:00:00
Downloading peft-0.20.0-py3-none-any.whl (775 kB)
   ━━━━━━━━━━━━━━━━━━━━━━━━━━━━━━━━━━━━━━━━ 775.8/775.8 kB 111.3 MB/s  0:00:00
Downloading bitsandbytes-0.50.2-py3-none-manylinux_2_24_x86_64.whl (43.1 MB)
   ━━━━━━━━━━━━━━━━━━━━━━━━━━━━━━━━━━━━━━━━ 43.1/43.1 MB 196.0 MB/s  0:00:00
Downloading safetensors-0.8.0-cp310-abi3-manylinux_2_17_x86_64.manylinux2014_x86_64.whl (516 kB)
Downloading accelerate-1.9.0-py3-none-any.whl (367 kB)
Downloading numpy-2.2.6-cp310-cp310-manylinux_2_17_x86_64.manylinux2014_x86_64.whl (16.8 MB)
   ━━━━━━━━━━━━━━━━━━━━━━━━━━━━━━━━━━━━━━━━ 16.8/16.8 MB 230.1 MB/s  0:00:00
Downloading packaging-25.0-py3-none-any.whl (66 kB)
Downloading rich-14.1.0-py3-none-any.whl (243 kB)
Downloading pydantic-2.11.7-py3-none-any.whl (444 kB)
Downloading PyYAML-6.0.2-cp310-cp310-manylinux_2_17_x86_64.manylinux2014_x86_64.whl (751 kB)
   ━━━━━━━━━━━━━━━━━━━━━━━━━━━━━━━━━━━━━━━━ 751.2/751.2 kB 119.2 MB/s  0:00:00
Downloading pydantic_core-2.33.2-cp310-cp310-manylinux_2_17_x86_64.manylinux2014_x86_64.whl (2.0 MB)
   ━━━━━━━━━━━━━━━━━━━━━━━━━━━━━━━━━━━━━━━━ 2.0/2.0 MB 128.4 MB/s  0:00:00
Downloading huggingface_hub-1.31.0-py3-none-any.whl (798 kB)
   ━━━━━━━━━━━━━━━━━━━━━━━━━━━━━━━━━━━━━━━━ 798.3/798.3 kB 121.5 MB/s  0:00:00
Downloading click-8.5.0-py3-none-any.whl (125 kB)
Downloading hf_xet-1.6.0-cp38-abi3-manylinux2014_x86_64.manylinux_2_17_x86_64.whl (4.5 MB)
   ━━━━━━━━━━━━━━━━━━━━━━━━━━━━━━━━━━━━━━━━ 4.5/4.5 MB 200.4 MB/s  0:00:00
Downloading httpx-0.28.1-py3-none-any.whl (73 kB)
Downloading httpcore-1.0.9-py3-none-any.whl (78 kB)
Downloading pygments-2.21.0-py3-none-any.whl (1.3 MB)
   ━━━━━━━━━━━━━━━━━━━━━━━━━━━━━━━━━━━━━━━━ 1.3/1.3 MB 155.1 MB/s  0:00:00
Downloading tokenizers-0.23.2-cp310-abi3-manylinux_2_17_x86_64.manylinux2014_x86_64.whl (3.4 MB)
   ━━━━━━━━━━━━━━━━━━━━━━━━━━━━━━━━━━━━━━━━ 3.4/3.4 MB 203.5 MB/s  0:00:00
Downloading annotated_types-0.8.0-py3-none-any.whl (13 kB)
Downloading h11-0.16.0-py3-none-any.whl (37 kB)
Downloading markdown_it_py-4.2.0-py3-none-any.whl (91 kB)
Downloading mdurl-0.1.2-py3-none-any.whl (10.0 kB)
Downloading regex-2026.9.10-cp310-cp310-manylinux2014_x86_64.manylinux_2_17_x86_64.manylinux_2_28_x86_64.whl (796 kB)
   ━━━━━━━━━━━━━━━━━━━━━━━━━━━━━━━━━━━━━━━━ 796.3/796.3 kB 122.1 MB/s  0:00:00
Downloading tqdm-4.70.1-py3-none-any.whl (80 kB)
Downloading typing_inspection-0.4.4-py3-none-any.whl (14 kB)
Downloading anyio-4.15.1-py3-none-any.whl (132 kB)
Downloading exceptiongroup-1.3.1-py3-none-any.whl (16 kB)
Downloading idna-3.19-py3-none-any.whl (68 kB)
Downloading certifi-2026.7.22-py3-none-any.whl (136 kB)
Downloading psutil-7.2.2-cp36-abi3-manylinux2010_x86_64.manylinux_2_12_x86_64.manylinux_2_28_x86_64.whl (155 kB)
Downloading typer-0.27.2-py3-none-any.whl (123 kB)
Downloading annotated_doc-0.0.5-py3-none-any.whl (5.3 kB)
Downloading shellingham-1.5.4-py2.py3-none-any.whl (9.8 kB)
Installing collected packages: typing-inspection, tqdm, shellingham, safetensors, regex, pyyaml, pygments, pydantic-core, psutil, packaging, numpy, mdurl, idna, hf-xet, h11, exceptiongroup, click, certifi, annotated-types, annotated-doc, pydantic, markdown-it-py, httpcore, anyio, rich, httpx, typer, huggingface-hub, bitsandbytes, tokenizers, accelerate, transformers, peft

Successfully installed accelerate-1.9.0 annotated-doc-0.0.5 annotated-types-0.8.0 anyio-4.15.1 bitsandbytes-0.50.2 certifi-2026.7.22 click-8.5.0 exceptiongroup-1.3.1 h11-0.16.0 hf-xet-1.6.0 httpcore-1.0.9 httpx-0.28.1 huggingface-hub-1.31.0 idna-3.19 markdown-it-py-4.2.0 mdurl-0.1.2 numpy-2.2.6 packaging-25.0 peft-0.20.0 psutil-7.2.2 pydantic-2.11.7 pydantic-core-2.33.2 pygments-2.21.0 pyyaml-6.0.2 regex-2026.9.10 rich-14.1.0 safetensors-0.8.0 shellingham-1.5.4 tokenizers-0.23.2 tqdm-4.70.1 transformers-5.17.0 typer-0.27.2 typing-inspection-0.4.4
CPU controls: 10/10; pass=True
[transformers] `torch_dtype` is deprecated! Use `dtype` instead!
{"status": "complete", "completed_positive": 0, "passed_positive": 0, "completed_negative": 0, "passed_negative": 0, "qualification_pass": false}
